<?xml version="1.0" encoding="ISO-8859-1" ?>
<link_info>
   <banner>TMS320C2000 Linker PC v21.6.0.LTS</banner>
   <copyright>Copyright (c) 1996-2018 Texas Instruments Incorporated</copyright>
   <link_time>0x6184a2c9</link_time>
   <link_errors>0x0</link_errors>
   <output_file>adc_ex6_soc_continuous_dma.out</output_file>
   <entry_point>
      <name>code_start</name>
      <address>0x0</address>
   </entry_point>
   <input_file_list>
      <input_file id="fl-2">
         <path>.\</path>
         <kind>object</kind>
         <file>adc_ex6_soc_continuous_dma.obj</file>
         <name>adc_ex6_soc_continuous_dma.obj</name>
      </input_file>
      <input_file id="fl-3">
         <path>.\syscfg\</path>
         <kind>object</kind>
         <file>board.obj</file>
         <name>board.obj</name>
      </input_file>
      <input_file id="fl-4">
         <path>.\device\</path>
         <kind>object</kind>
         <file>device.obj</file>
         <name>device.obj</name>
      </input_file>
      <input_file id="fl-5">
         <path>.\device\</path>
         <kind>object</kind>
         <file>f28004x_codestartbranch.obj</file>
         <name>f28004x_codestartbranch.obj</name>
      </input_file>
      <input_file id="fl-a">
         <kind>object</kind>
         <file>&lt;internal&gt;</file>
         <name>&lt;internal&gt;</name>
      </input_file>
      <input_file id="fl-e">
         <path>D:\C2000_WAVE\C2000Ware_4_00_00_00\driverlib\f28004x\driverlib\ccs\Debug\</path>
         <kind>archive</kind>
         <file>driverlib_eabi.lib</file>
         <name>adc.obj</name>
      </input_file>
      <input_file id="fl-f">
         <path>D:\C2000_WAVE\C2000Ware_4_00_00_00\driverlib\f28004x\driverlib\ccs\Debug\</path>
         <kind>archive</kind>
         <file>driverlib_eabi.lib</file>
         <name>dma.obj</name>
      </input_file>
      <input_file id="fl-10">
         <path>D:\C2000_WAVE\C2000Ware_4_00_00_00\driverlib\f28004x\driverlib\ccs\Debug\</path>
         <kind>archive</kind>
         <file>driverlib_eabi.lib</file>
         <name>gpio.obj</name>
      </input_file>
      <input_file id="fl-11">
         <path>D:\C2000_WAVE\C2000Ware_4_00_00_00\driverlib\f28004x\driverlib\ccs\Debug\</path>
         <kind>archive</kind>
         <file>driverlib_eabi.lib</file>
         <name>interrupt.obj</name>
      </input_file>
      <input_file id="fl-12">
         <path>D:\C2000_WAVE\C2000Ware_4_00_00_00\driverlib\f28004x\driverlib\ccs\Debug\</path>
         <kind>archive</kind>
         <file>driverlib_eabi.lib</file>
         <name>sysctl.obj</name>
      </input_file>
      <input_file id="fl-1e">
         <path>D:\CCS\ccs\tools\compiler\ti-cgt-c2000_21.6.0.LTS\lib\</path>
         <kind>archive</kind>
         <file>rts2800_fpu32_eabi.lib</file>
         <name>boot28.asm.obj</name>
      </input_file>
      <input_file id="fl-1f">
         <path>D:\CCS\ccs\tools\compiler\ti-cgt-c2000_21.6.0.LTS\lib\</path>
         <kind>archive</kind>
         <file>rts2800_fpu32_eabi.lib</file>
         <name>pre_init.c.obj</name>
      </input_file>
      <input_file id="fl-20">
         <path>D:\CCS\ccs\tools\compiler\ti-cgt-c2000_21.6.0.LTS\lib\</path>
         <kind>archive</kind>
         <file>rts2800_fpu32_eabi.lib</file>
         <name>autoinit.c.obj</name>
      </input_file>
      <input_file id="fl-21">
         <path>D:\CCS\ccs\tools\compiler\ti-cgt-c2000_21.6.0.LTS\lib\</path>
         <kind>archive</kind>
         <file>rts2800_fpu32_eabi.lib</file>
         <name>copy_zero_init.c.obj</name>
      </input_file>
      <input_file id="fl-22">
         <path>D:\CCS\ccs\tools\compiler\ti-cgt-c2000_21.6.0.LTS\lib\</path>
         <kind>archive</kind>
         <file>rts2800_fpu32_eabi.lib</file>
         <name>copy_decompress_none.c.obj</name>
      </input_file>
      <input_file id="fl-23">
         <path>D:\CCS\ccs\tools\compiler\ti-cgt-c2000_21.6.0.LTS\lib\</path>
         <kind>archive</kind>
         <file>rts2800_fpu32_eabi.lib</file>
         <name>copy_decompress_lzss.c.obj</name>
      </input_file>
      <input_file id="fl-24">
         <path>D:\CCS\ccs\tools\compiler\ti-cgt-c2000_21.6.0.LTS\lib\</path>
         <kind>archive</kind>
         <file>rts2800_fpu32_eabi.lib</file>
         <name>exit.c.obj</name>
      </input_file>
      <input_file id="fl-25">
         <path>D:\CCS\ccs\tools\compiler\ti-cgt-c2000_21.6.0.LTS\lib\</path>
         <kind>archive</kind>
         <file>rts2800_fpu32_eabi.lib</file>
         <name>_lock.c.obj</name>
      </input_file>
      <input_file id="fl-26">
         <path>D:\CCS\ccs\tools\compiler\ti-cgt-c2000_21.6.0.LTS\lib\</path>
         <kind>archive</kind>
         <file>rts2800_fpu32_eabi.lib</file>
         <name>args_main.c.obj</name>
      </input_file>
      <input_file id="fl-27">
         <path>D:\CCS\ccs\tools\compiler\ti-cgt-c2000_21.6.0.LTS\lib\</path>
         <kind>archive</kind>
         <file>rts2800_fpu32_eabi.lib</file>
         <name>memset.c.obj</name>
      </input_file>
      <input_file id="fl-28">
         <path>D:\CCS\ccs\tools\compiler\ti-cgt-c2000_21.6.0.LTS\lib\</path>
         <kind>archive</kind>
         <file>rts2800_fpu32_eabi.lib</file>
         <name>cpy_tbl.c.obj</name>
      </input_file>
      <input_file id="fl-29">
         <path>D:\CCS\ccs\tools\compiler\ti-cgt-c2000_21.6.0.LTS\lib\</path>
         <kind>archive</kind>
         <file>rts2800_fpu32_eabi.lib</file>
         <name>memcpy.c.obj</name>
      </input_file>
      <input_file id="fl-2a">
         <path>D:\CCS\ccs\tools\compiler\ti-cgt-c2000_21.6.0.LTS\lib\</path>
         <kind>archive</kind>
         <file>rts2800_fpu32_eabi.lib</file>
         <name>startup.c.obj</name>
      </input_file>
   </input_file_list>
   <object_component_list>
      <object_component id="oc-20">
         <name>codestart</name>
         <load_address>0x0</load_address>
         <run_address>0x0</run_address>
         <size>0x2</size>
         <input_file_ref idref="fl-5"/>
      </object_component>
      <object_component id="oc-25">
         <name>.TI.ramfunc:retain</name>
         <load_address>0xf6</load_address>
         <run_address>0xf6</run_address>
         <size>0x74</size>
         <input_file_ref idref="fl-2"/>
      </object_component>
      <object_component id="oc-5d">
         <name>.TI.ramfunc</name>
         <load_address>0x16a</load_address>
         <run_address>0x16a</run_address>
         <size>0x4</size>
         <input_file_ref idref="fl-12"/>
      </object_component>
      <object_component id="oc-29">
         <name>.text</name>
         <load_address>0x8000</load_address>
         <run_address>0x8000</run_address>
         <size>0x429</size>
         <input_file_ref idref="fl-3"/>
      </object_component>
      <object_component id="oc-2f">
         <name>.text</name>
         <load_address>0x8429</load_address>
         <run_address>0x8429</run_address>
         <size>0x3ab</size>
         <input_file_ref idref="fl-2"/>
      </object_component>
      <object_component id="oc-159">
         <name>.text:__TI_auto_init_nobinit_nopinit</name>
         <load_address>0x87d4</load_address>
         <run_address>0x87d4</run_address>
         <size>0x2b</size>
         <input_file_ref idref="fl-20"/>
      </object_component>
      <object_component id="oc-1fa">
         <name>.text</name>
         <load_address>0x87ff</load_address>
         <run_address>0x87ff</run_address>
         <size>0x1</size>
         <input_file_ref idref="fl-2a"/>
      </object_component>
      <object_component id="oc-66">
         <name>.text</name>
         <load_address>0x8800</load_address>
         <run_address>0x8800</run_address>
         <size>0x189</size>
         <input_file_ref idref="fl-4"/>
      </object_component>
      <object_component id="oc-c5">
         <name>.text:SysCtl_setClock</name>
         <load_address>0x8989</load_address>
         <run_address>0x8989</run_address>
         <size>0xc7</size>
         <input_file_ref idref="fl-12"/>
      </object_component>
      <object_component id="oc-137">
         <name>.text:SysCtl_isPLLValid</name>
         <load_address>0x8a50</load_address>
         <run_address>0x8a50</run_address>
         <size>0xc0</size>
         <input_file_ref idref="fl-12"/>
      </object_component>
      <object_component id="oc-8d">
         <name>.text:DMA_configMode</name>
         <load_address>0x8b10</load_address>
         <run_address>0x8b10</run_address>
         <size>0xa3</size>
         <input_file_ref idref="fl-f"/>
      </object_component>
      <object_component id="oc-1d1">
         <name>.text:DCC_setCounterSeeds</name>
         <load_address>0x8bb3</load_address>
         <run_address>0x8bb3</run_address>
         <size>0x7a</size>
         <input_file_ref idref="fl-12"/>
      </object_component>
      <object_component id="oc-131">
         <name>.text:SysCtl_selectOscSource</name>
         <load_address>0x8c2d</load_address>
         <run_address>0x8c2d</run_address>
         <size>0x5b</size>
         <input_file_ref idref="fl-12"/>
      </object_component>
      <object_component id="oc-cb">
         <name>.text:GPIO_setPadConfig</name>
         <load_address>0x8c88</load_address>
         <run_address>0x8c88</run_address>
         <size>0x52</size>
         <input_file_ref idref="fl-10"/>
      </object_component>
      <object_component id="oc-6c">
         <name>.text:Interrupt_initModule</name>
         <load_address>0x8cda</load_address>
         <run_address>0x8cda</run_address>
         <size>0x3d</size>
         <input_file_ref idref="fl-11"/>
      </object_component>
      <object_component id="oc-d7">
         <name>.text:GPIO_setAnalogMode</name>
         <load_address>0x8d17</load_address>
         <run_address>0x8d17</run_address>
         <size>0x3b</size>
         <input_file_ref idref="fl-10"/>
      </object_component>
      <object_component id="oc-5e">
         <name>.text:Interrupt_enable</name>
         <load_address>0x8d52</load_address>
         <run_address>0x8d52</run_address>
         <size>0x34</size>
         <input_file_ref idref="fl-11"/>
      </object_component>
      <object_component id="oc-d1">
         <name>.text:GPIO_setDirectionMode</name>
         <load_address>0x8d86</load_address>
         <run_address>0x8d86</run_address>
         <size>0x31</size>
         <input_file_ref idref="fl-10"/>
      </object_component>
      <object_component id="oc-13">
         <name>.text:decompress:lzss</name>
         <load_address>0x8db7</load_address>
         <run_address>0x8db7</run_address>
         <size>0x31</size>
         <input_file_ref idref="fl-23"/>
      </object_component>
      <object_component id="oc-87">
         <name>.text:DMA_configTransfer</name>
         <load_address>0x8de8</load_address>
         <run_address>0x8de8</run_address>
         <size>0x29</size>
         <input_file_ref idref="fl-f"/>
      </object_component>
      <object_component id="oc-f5">
         <name>.text:DMA_isBaseValid</name>
         <load_address>0x8e11</load_address>
         <run_address>0x8e11</run_address>
         <size>0x29</size>
         <input_file_ref idref="fl-f"/>
      </object_component>
      <object_component id="oc-11b">
         <name>.text</name>
         <load_address>0x8e3a</load_address>
         <run_address>0x8e3a</run_address>
         <size>0x29</size>
         <input_file_ref idref="fl-24"/>
      </object_component>
      <object_component id="oc-57">
         <name>.text:ADC_setOffsetTrimAll</name>
         <load_address>0x8e63</load_address>
         <run_address>0x8e63</run_address>
         <size>0x28</size>
         <input_file_ref idref="fl-e"/>
      </object_component>
      <object_component id="oc-220">
         <name>.text:SysCtl_pollX1Counter</name>
         <load_address>0x8e8b</load_address>
         <run_address>0x8e8b</run_address>
         <size>0x26</size>
         <input_file_ref idref="fl-12"/>
      </object_component>
      <object_component id="oc-1d7">
         <name>.text:DCC_enableSingleShotMode</name>
         <load_address>0x8eb1</load_address>
         <run_address>0x8eb1</run_address>
         <size>0x25</size>
         <input_file_ref idref="fl-12"/>
      </object_component>
      <object_component id="oc-7b">
         <name>.text:DMA_configAddresses</name>
         <load_address>0x8ed6</load_address>
         <run_address>0x8ed6</run_address>
         <size>0x25</size>
         <input_file_ref idref="fl-f"/>
      </object_component>
      <object_component id="oc-81">
         <name>.text:DMA_configBurst</name>
         <load_address>0x8efb</load_address>
         <run_address>0x8efb</run_address>
         <size>0x24</size>
         <input_file_ref idref="fl-f"/>
      </object_component>
      <object_component id="oc-194">
         <name>.text:SysCtl_selectXTAL</name>
         <load_address>0x8f1f</load_address>
         <run_address>0x8f1f</run_address>
         <size>0x24</size>
         <input_file_ref idref="fl-12"/>
      </object_component>
      <object_component id="oc-1cb">
         <name>.text:DCC_setCounter1ClkSource</name>
         <load_address>0x8f43</load_address>
         <run_address>0x8f43</run_address>
         <size>0x1f</size>
         <input_file_ref idref="fl-12"/>
      </object_component>
      <object_component id="oc-72">
         <name>.text:Interrupt_initVectorTable</name>
         <load_address>0x8f62</load_address>
         <run_address>0x8f62</run_address>
         <size>0x1e</size>
         <input_file_ref idref="fl-11"/>
      </object_component>
      <object_component id="oc-1c5">
         <name>.text:DCC_setCounter0ClkSource</name>
         <load_address>0x8f80</load_address>
         <run_address>0x8f80</run_address>
         <size>0x1d</size>
         <input_file_ref idref="fl-12"/>
      </object_component>
      <object_component id="oc-3a">
         <name>.text</name>
         <load_address>0x8f9d</load_address>
         <run_address>0x8f9d</run_address>
         <size>0x1d</size>
         <input_file_ref idref="fl-29"/>
      </object_component>
      <object_component id="oc-19a">
         <name>.text:SysCtl_selectXTALSingleEnded</name>
         <load_address>0x8fba</load_address>
         <run_address>0x8fba</run_address>
         <size>0x1a</size>
         <input_file_ref idref="fl-12"/>
      </object_component>
      <object_component id="oc-1bf">
         <name>.text:DCC_disableDoneSignal</name>
         <load_address>0x8fd4</load_address>
         <run_address>0x8fd4</run_address>
         <size>0x17</size>
         <input_file_ref idref="fl-12"/>
      </object_component>
      <object_component id="oc-1b3">
         <name>.text:DCC_disableModule</name>
         <load_address>0x8feb</load_address>
         <run_address>0x8feb</run_address>
         <size>0x14</size>
         <input_file_ref idref="fl-12"/>
      </object_component>
      <object_component id="oc-1e3">
         <name>.text:DCC_enableDoneSignal</name>
         <load_address>0x9000</load_address>
         <run_address>0x9000</run_address>
         <size>0x17</size>
         <input_file_ref idref="fl-12"/>
      </object_component>
      <object_component id="oc-1a1">
         <name>.text:SysCtl_enablePeripheral</name>
         <load_address>0x9017</load_address>
         <run_address>0x9017</run_address>
         <size>0x17</size>
         <input_file_ref idref="fl-12"/>
      </object_component>
      <object_component id="oc-aa">
         <name>.text</name>
         <load_address>0x902e</load_address>
         <run_address>0x902e</run_address>
         <size>0x17</size>
         <input_file_ref idref="fl-1e"/>
      </object_component>
      <object_component id="oc-1ad">
         <name>.text:DCC_clearDoneFlag</name>
         <load_address>0x9045</load_address>
         <run_address>0x9045</run_address>
         <size>0x16</size>
         <input_file_ref idref="fl-12"/>
      </object_component>
      <object_component id="oc-1a7">
         <name>.text:DCC_clearErrorFlag</name>
         <load_address>0x905b</load_address>
         <run_address>0x905b</run_address>
         <size>0x16</size>
         <input_file_ref idref="fl-12"/>
      </object_component>
      <object_component id="oc-1b9">
         <name>.text:DCC_disableErrorSignal</name>
         <load_address>0x9071</load_address>
         <run_address>0x9071</run_address>
         <size>0x16</size>
         <input_file_ref idref="fl-12"/>
      </object_component>
      <object_component id="oc-1dd">
         <name>.text:DCC_enableErrorSignal</name>
         <load_address>0x9087</load_address>
         <run_address>0x9087</run_address>
         <size>0x16</size>
         <input_file_ref idref="fl-12"/>
      </object_component>
      <object_component id="oc-1e9">
         <name>.text:DCC_enableModule</name>
         <load_address>0x909d</load_address>
         <run_address>0x909d</run_address>
         <size>0x14</size>
         <input_file_ref idref="fl-12"/>
      </object_component>
      <object_component id="oc-13f">
         <name>.text:GPIO_isPinValid</name>
         <load_address>0x90b1</load_address>
         <run_address>0x90b1</run_address>
         <size>0x14</size>
         <input_file_ref idref="fl-10"/>
      </object_component>
      <object_component id="oc-22f">
         <name>.text:DCC_isBaseValid</name>
         <load_address>0x90c5</load_address>
         <run_address>0x90c5</run_address>
         <size>0x10</size>
         <input_file_ref idref="fl-12"/>
      </object_component>
      <object_component id="oc-e0">
         <name>.text:Interrupt_defaultHandler</name>
         <load_address>0x90d5</load_address>
         <run_address>0x90d5</run_address>
         <size>0xe</size>
         <input_file_ref idref="fl-11"/>
      </object_component>
      <object_component id="oc-b4">
         <name>.text:Interrupt_disableMaster</name>
         <load_address>0x90e3</load_address>
         <run_address>0x90e3</run_address>
         <size>0xd</size>
         <input_file_ref idref="fl-11"/>
      </object_component>
      <object_component id="oc-ba">
         <name>.text:Interrupt_enableMaster</name>
         <load_address>0x90f0</load_address>
         <run_address>0x90f0</run_address>
         <size>0xd</size>
         <input_file_ref idref="fl-11"/>
      </object_component>
      <object_component id="oc-115">
         <name>.text</name>
         <load_address>0x90fd</load_address>
         <run_address>0x90fd</run_address>
         <size>0xc</size>
         <input_file_ref idref="fl-26"/>
      </object_component>
      <object_component id="oc-12b">
         <name>.text:SysCtl_isMCDClockFailureDetected</name>
         <load_address>0x9109</load_address>
         <run_address>0x9109</run_address>
         <size>0xb</size>
         <input_file_ref idref="fl-12"/>
      </object_component>
      <object_component id="oc-214">
         <name>.text</name>
         <load_address>0x9114</load_address>
         <run_address>0x9114</run_address>
         <size>0x9</size>
         <input_file_ref idref="fl-25"/>
      </object_component>
      <object_component id="oc-19">
         <name>.text:decompress:none</name>
         <load_address>0x911d</load_address>
         <run_address>0x911d</run_address>
         <size>0x8</size>
         <input_file_ref idref="fl-22"/>
      </object_component>
      <object_component id="oc-4e">
         <name>.text</name>
         <load_address>0x9125</load_address>
         <run_address>0x9125</run_address>
         <size>0x8</size>
         <input_file_ref idref="fl-5"/>
      </object_component>
      <object_component id="oc-226">
         <name>.text:SysCtl_resetMCD</name>
         <load_address>0x912d</load_address>
         <run_address>0x912d</run_address>
         <size>0x7</size>
         <input_file_ref idref="fl-12"/>
      </object_component>
      <object_component id="oc-a3">
         <name>.text</name>
         <load_address>0x9134</load_address>
         <run_address>0x9134</run_address>
         <size>0x7</size>
         <input_file_ref idref="fl-27"/>
      </object_component>
      <object_component id="oc-48">
         <name>.text:decompress:ZI</name>
         <load_address>0x913b</load_address>
         <run_address>0x913b</run_address>
         <size>0x6</size>
         <input_file_ref idref="fl-21"/>
      </object_component>
      <object_component id="oc-ec">
         <name>.text:Interrupt_illegalOperationHandler</name>
         <load_address>0x9141</load_address>
         <run_address>0x9141</run_address>
         <size>0x2</size>
         <input_file_ref idref="fl-11"/>
      </object_component>
      <object_component id="oc-e6">
         <name>.text:Interrupt_nmiHandler</name>
         <load_address>0x9143</load_address>
         <run_address>0x9143</run_address>
         <size>0x2</size>
         <input_file_ref idref="fl-11"/>
      </object_component>
      <object_component id="oc-10e">
         <name>.text</name>
         <load_address>0x9145</load_address>
         <run_address>0x9145</run_address>
         <size>0x2</size>
         <input_file_ref idref="fl-1f"/>
      </object_component>
      <object_component id="oc-283">
         <name>.cinit..data.load</name>
         <load_address>0x170</load_address>
         <run_address>0x170</run_address>
         <size>0xb</size>
      </object_component>
      <object_component id="oc-280">
         <name>__TI_handler_table</name>
         <load_address>0x17c</load_address>
         <run_address>0x17c</run_address>
         <size>0x6</size>
      </object_component>
      <object_component id="oc-282">
         <name>.cinit..bss.load</name>
         <load_address>0x182</load_address>
         <run_address>0x182</run_address>
         <size>0x4</size>
      </object_component>
      <object_component id="oc-284">
         <name>.cinit.ramgs0.load</name>
         <load_address>0x186</load_address>
         <run_address>0x186</run_address>
         <size>0x4</size>
      </object_component>
      <object_component id="oc-281">
         <name>__TI_cinit_table</name>
         <load_address>0x18c</load_address>
         <run_address>0x18c</run_address>
         <size>0xc</size>
      </object_component>
      <object_component id="oc-37">
         <name>.stack</name>
         <uninitialized>true</uninitialized>
         <run_address>0x400</run_address>
         <size>0x0</size>
         <input_file_ref idref="fl-1e"/>
      </object_component>
      <object_component id="oc-285">
         <name>.stack</name>
         <uninitialized>true</uninitialized>
         <run_address>0x400</run_address>
         <size>0x0</size>
      </object_component>
      <object_component id="oc-54">
         <name>.bss</name>
         <uninitialized>true</uninitialized>
         <run_address>0xa97d</run_address>
         <size>0x1</size>
         <input_file_ref idref="fl-2"/>
      </object_component>
      <object_component id="oc-12a">
         <name>.const:.string</name>
         <load_address>0xa800</load_address>
         <run_address>0xa800</run_address>
         <size>0x9a</size>
         <input_file_ref idref="fl-12"/>
      </object_component>
      <object_component id="oc-145">
         <name>.const:.string</name>
         <load_address>0xa89a</load_address>
         <run_address>0xa89a</run_address>
         <size>0x98</size>
         <input_file_ref idref="fl-10"/>
      </object_component>
      <object_component id="oc-fb">
         <name>.const:.string</name>
         <load_address>0xa932</load_address>
         <run_address>0xa932</run_address>
         <size>0x4b</size>
         <input_file_ref idref="fl-f"/>
      </object_component>
      <object_component id="oc-93">
         <name>.data</name>
         <load_address>0xa988</load_address>
         <run_address>0xa988</run_address>
         <size>0x2</size>
         <input_file_ref idref="fl-2"/>
      </object_component>
      <object_component id="oc-18b">
         <name>.data</name>
         <load_address>0xa980</load_address>
         <run_address>0xa980</run_address>
         <size>0x6</size>
         <input_file_ref idref="fl-24"/>
      </object_component>
      <object_component id="oc-18e">
         <name>.data:_lock</name>
         <load_address>0xa97e</load_address>
         <run_address>0xa97e</run_address>
         <size>0x2</size>
         <input_file_ref idref="fl-25"/>
      </object_component>
      <object_component id="oc-248">
         <name>.data:_unlock</name>
         <load_address>0xa986</load_address>
         <run_address>0xa986</run_address>
         <size>0x2</size>
         <input_file_ref idref="fl-25"/>
      </object_component>
      <object_component id="oc-78">
         <name>ramgs0</name>
         <uninitialized>true</uninitialized>
         <run_address>0xc000</run_address>
         <size>0x800</size>
         <input_file_ref idref="fl-2"/>
      </object_component>
      <object_component id="oc-97">
         <name>.debug_types</name>
         <load_address>0x0</load_address>
         <run_address>0x0</run_address>
         <size>0x22c2</size>
         <input_file_ref idref="fl-2"/>
      </object_component>
      <object_component id="oc-65">
         <name>.debug_types</name>
         <load_address>0x22c2</load_address>
         <run_address>0x22c2</run_address>
         <size>0x613</size>
         <input_file_ref idref="fl-3"/>
      </object_component>
      <object_component id="oc-de">
         <name>.debug_types</name>
         <load_address>0x28d5</load_address>
         <run_address>0x28d5</run_address>
         <size>0x3b5</size>
         <input_file_ref idref="fl-4"/>
      </object_component>
      <object_component id="oc-b3">
         <name>.debug_types</name>
         <load_address>0x2c8a</load_address>
         <run_address>0x2c8a</run_address>
         <size>0x151</size>
         <input_file_ref idref="fl-e"/>
      </object_component>
      <object_component id="oc-fd">
         <name>.debug_types</name>
         <load_address>0x0</load_address>
         <run_address>0x0</run_address>
         <size>0x0</size>
         <input_file_ref idref="fl-f"/>
      </object_component>
      <object_component id="oc-147">
         <name>.debug_types</name>
         <load_address>0x2ddb</load_address>
         <run_address>0x2ddb</run_address>
         <size>0x418</size>
         <input_file_ref idref="fl-10"/>
      </object_component>
      <object_component id="oc-c1">
         <name>.debug_types</name>
         <load_address>0x0</load_address>
         <run_address>0x0</run_address>
         <size>0x0</size>
         <input_file_ref idref="fl-11"/>
      </object_component>
      <object_component id="oc-13e">
         <name>.debug_types</name>
         <load_address>0x31f3</load_address>
         <run_address>0x31f3</run_address>
         <size>0x34b</size>
         <input_file_ref idref="fl-12"/>
      </object_component>
      <object_component id="oc-158">
         <name>.debug_types</name>
         <load_address>0x0</load_address>
         <run_address>0x0</run_address>
         <size>0x0</size>
         <input_file_ref idref="fl-1f"/>
      </object_component>
      <object_component id="oc-201">
         <name>.debug_types</name>
         <load_address>0x353e</load_address>
         <run_address>0x353e</run_address>
         <size>0x49b</size>
         <input_file_ref idref="fl-20"/>
      </object_component>
      <object_component id="oc-a2">
         <name>.debug_types</name>
         <load_address>0x39d9</load_address>
         <run_address>0x39d9</run_address>
         <size>0x1f3</size>
         <input_file_ref idref="fl-21"/>
      </object_component>
      <object_component id="oc-41">
         <name>.debug_types</name>
         <load_address>0x0</load_address>
         <run_address>0x0</run_address>
         <size>0x0</size>
         <input_file_ref idref="fl-22"/>
      </object_component>
      <object_component id="oc-39">
         <name>.debug_types</name>
         <load_address>0x3bcc</load_address>
         <run_address>0x3bcc</run_address>
         <size>0x191</size>
         <input_file_ref idref="fl-23"/>
      </object_component>
      <object_component id="oc-192">
         <name>.debug_types</name>
         <load_address>0x3d5d</load_address>
         <run_address>0x3d5d</run_address>
         <size>0xbf</size>
         <input_file_ref idref="fl-24"/>
      </object_component>
      <object_component id="oc-21c">
         <name>.debug_types</name>
         <load_address>0x3e1c</load_address>
         <run_address>0x3e1c</run_address>
         <size>0x2f</size>
         <input_file_ref idref="fl-25"/>
      </object_component>
      <object_component id="oc-18a">
         <name>.debug_types</name>
         <load_address>0x3e4b</load_address>
         <run_address>0x3e4b</run_address>
         <size>0xe1</size>
         <input_file_ref idref="fl-26"/>
      </object_component>
      <object_component id="oc-10d">
         <name>.debug_types</name>
         <load_address>0x3f2c</load_address>
         <run_address>0x3f2c</run_address>
         <size>0x2f</size>
         <input_file_ref idref="fl-27"/>
      </object_component>
      <object_component id="oc-9d">
         <name>.debug_types</name>
         <load_address>0x3f5b</load_address>
         <run_address>0x3f5b</run_address>
         <size>0x2f</size>
         <input_file_ref idref="fl-29"/>
      </object_component>
      <object_component id="oc-242">
         <name>.debug_types</name>
         <load_address>0x0</load_address>
         <run_address>0x0</run_address>
         <size>0x0</size>
         <input_file_ref idref="fl-2a"/>
      </object_component>
      <object_component id="oc-55">
         <name>.debug_info</name>
         <load_address>0x0</load_address>
         <run_address>0x0</run_address>
         <size>0xef</size>
         <input_file_ref idref="fl-2"/>
      </object_component>
      <object_component id="oc-94">
         <name>.debug_info</name>
         <load_address>0xef</load_address>
         <run_address>0xef</run_address>
         <size>0xff</size>
         <input_file_ref idref="fl-2"/>
      </object_component>
      <object_component id="oc-79">
         <name>.debug_info</name>
         <load_address>0x1ee</load_address>
         <run_address>0x1ee</run_address>
         <size>0x13b</size>
         <input_file_ref idref="fl-2"/>
      </object_component>
      <object_component id="oc-33">
         <name>.debug_info</name>
         <load_address>0x329</load_address>
         <run_address>0x329</run_address>
         <size>0x1d62</size>
         <input_file_ref idref="fl-2"/>
      </object_component>
      <object_component id="oc-35">
         <name>.debug_info</name>
         <load_address>0x208b</load_address>
         <run_address>0x208b</run_address>
         <size>0x209</size>
         <input_file_ref idref="fl-2"/>
      </object_component>
      <object_component id="oc-2d">
         <name>.debug_info</name>
         <load_address>0x2294</load_address>
         <run_address>0x2294</run_address>
         <size>0x1d30</size>
         <input_file_ref idref="fl-3"/>
      </object_component>
      <object_component id="oc-67">
         <name>.debug_info</name>
         <load_address>0x3fc4</load_address>
         <run_address>0x3fc4</run_address>
         <size>0xeeb</size>
         <input_file_ref idref="fl-4"/>
      </object_component>
      <object_component id="oc-21">
         <name>.debug_info</name>
         <load_address>0x4eaf</load_address>
         <run_address>0x4eaf</run_address>
         <size>0x10d</size>
         <input_file_ref idref="fl-5"/>
      </object_component>
      <object_component id="oc-50">
         <name>.debug_info</name>
         <load_address>0x4fbc</load_address>
         <run_address>0x4fbc</run_address>
         <size>0x10e</size>
         <input_file_ref idref="fl-5"/>
      </object_component>
      <object_component id="oc-5b">
         <name>.debug_info</name>
         <load_address>0x50ca</load_address>
         <run_address>0x50ca</run_address>
         <size>0x234</size>
         <input_file_ref idref="fl-e"/>
      </object_component>
      <object_component id="oc-f7">
         <name>.debug_info</name>
         <load_address>0x52fe</load_address>
         <run_address>0x52fe</run_address>
         <size>0x1cf</size>
         <input_file_ref idref="fl-f"/>
      </object_component>
      <object_component id="oc-7c">
         <name>.debug_info</name>
         <load_address>0x54cd</load_address>
         <run_address>0x54cd</run_address>
         <size>0x243</size>
         <input_file_ref idref="fl-f"/>
      </object_component>
      <object_component id="oc-82">
         <name>.debug_info</name>
         <load_address>0x5710</load_address>
         <run_address>0x5710</run_address>
         <size>0x257</size>
         <input_file_ref idref="fl-f"/>
      </object_component>
      <object_component id="oc-88">
         <name>.debug_info</name>
         <load_address>0x5967</load_address>
         <run_address>0x5967</run_address>
         <size>0x269</size>
         <input_file_ref idref="fl-f"/>
      </object_component>
      <object_component id="oc-8e">
         <name>.debug_info</name>
         <load_address>0x5bd0</load_address>
         <run_address>0x5bd0</run_address>
         <size>0x224</size>
         <input_file_ref idref="fl-f"/>
      </object_component>
      <object_component id="oc-141">
         <name>.debug_info</name>
         <load_address>0x5df4</load_address>
         <run_address>0x5df4</run_address>
         <size>0x1cf</size>
         <input_file_ref idref="fl-10"/>
      </object_component>
      <object_component id="oc-d3">
         <name>.debug_info</name>
         <load_address>0x5fc3</load_address>
         <run_address>0x5fc3</run_address>
         <size>0x247</size>
         <input_file_ref idref="fl-10"/>
      </object_component>
      <object_component id="oc-ce">
         <name>.debug_info</name>
         <load_address>0x620a</load_address>
         <run_address>0x620a</run_address>
         <size>0x230</size>
         <input_file_ref idref="fl-10"/>
      </object_component>
      <object_component id="oc-d8">
         <name>.debug_info</name>
         <load_address>0x643a</load_address>
         <run_address>0x643a</run_address>
         <size>0x22c</size>
         <input_file_ref idref="fl-10"/>
      </object_component>
      <object_component id="oc-bc">
         <name>.debug_info</name>
         <load_address>0x6666</load_address>
         <run_address>0x6666</run_address>
         <size>0x1c8</size>
         <input_file_ref idref="fl-11"/>
      </object_component>
      <object_component id="oc-b5">
         <name>.debug_info</name>
         <load_address>0x682e</load_address>
         <run_address>0x682e</run_address>
         <size>0x1cc</size>
         <input_file_ref idref="fl-11"/>
      </object_component>
      <object_component id="oc-e1">
         <name>.debug_info</name>
         <load_address>0x69fa</load_address>
         <run_address>0x69fa</run_address>
         <size>0x1e6</size>
         <input_file_ref idref="fl-11"/>
      </object_component>
      <object_component id="oc-ed">
         <name>.debug_info</name>
         <load_address>0x6be0</load_address>
         <run_address>0x6be0</run_address>
         <size>0x1cc</size>
         <input_file_ref idref="fl-11"/>
      </object_component>
      <object_component id="oc-e7">
         <name>.debug_info</name>
         <load_address>0x6dac</load_address>
         <run_address>0x6dac</run_address>
         <size>0x1b2</size>
         <input_file_ref idref="fl-11"/>
      </object_component>
      <object_component id="oc-6d">
         <name>.debug_info</name>
         <load_address>0x6f5e</load_address>
         <run_address>0x6f5e</run_address>
         <size>0x1d9</size>
         <input_file_ref idref="fl-11"/>
      </object_component>
      <object_component id="oc-74">
         <name>.debug_info</name>
         <load_address>0x7137</load_address>
         <run_address>0x7137</run_address>
         <size>0x1d4</size>
         <input_file_ref idref="fl-11"/>
      </object_component>
      <object_component id="oc-60">
         <name>.debug_info</name>
         <load_address>0x730b</load_address>
         <run_address>0x730b</run_address>
         <size>0x27c</size>
         <input_file_ref idref="fl-11"/>
      </object_component>
      <object_component id="oc-1a2">
         <name>.debug_info</name>
         <load_address>0x7587</load_address>
         <run_address>0x7587</run_address>
         <size>0x215</size>
         <input_file_ref idref="fl-12"/>
      </object_component>
      <object_component id="oc-12c">
         <name>.debug_info</name>
         <load_address>0x779c</load_address>
         <run_address>0x779c</run_address>
         <size>0x1d8</size>
         <input_file_ref idref="fl-12"/>
      </object_component>
      <object_component id="oc-227">
         <name>.debug_info</name>
         <load_address>0x7974</load_address>
         <run_address>0x7974</run_address>
         <size>0x1ae</size>
         <input_file_ref idref="fl-12"/>
      </object_component>
      <object_component id="oc-230">
         <name>.debug_info</name>
         <load_address>0x7b22</load_address>
         <run_address>0x7b22</run_address>
         <size>0x1d2</size>
         <input_file_ref idref="fl-12"/>
      </object_component>
      <object_component id="oc-1ea">
         <name>.debug_info</name>
         <load_address>0x7cf4</load_address>
         <run_address>0x7cf4</run_address>
         <size>0x1f0</size>
         <input_file_ref idref="fl-12"/>
      </object_component>
      <object_component id="oc-1b4">
         <name>.debug_info</name>
         <load_address>0x7ee4</load_address>
         <run_address>0x7ee4</run_address>
         <size>0x1f2</size>
         <input_file_ref idref="fl-12"/>
      </object_component>
      <object_component id="oc-1de">
         <name>.debug_info</name>
         <load_address>0x80d6</load_address>
         <run_address>0x80d6</run_address>
         <size>0x1fc</size>
         <input_file_ref idref="fl-12"/>
      </object_component>
      <object_component id="oc-1e4">
         <name>.debug_info</name>
         <load_address>0x82d2</load_address>
         <run_address>0x82d2</run_address>
         <size>0x1fa</size>
         <input_file_ref idref="fl-12"/>
      </object_component>
      <object_component id="oc-1ba">
         <name>.debug_info</name>
         <load_address>0x84cc</load_address>
         <run_address>0x84cc</run_address>
         <size>0x1fe</size>
         <input_file_ref idref="fl-12"/>
      </object_component>
      <object_component id="oc-1c0">
         <name>.debug_info</name>
         <load_address>0x86ca</load_address>
         <run_address>0x86ca</run_address>
         <size>0x1fc</size>
         <input_file_ref idref="fl-12"/>
      </object_component>
      <object_component id="oc-1d8">
         <name>.debug_info</name>
         <load_address>0x88c6</load_address>
         <run_address>0x88c6</run_address>
         <size>0x223</size>
         <input_file_ref idref="fl-12"/>
      </object_component>
      <object_component id="oc-1a8">
         <name>.debug_info</name>
         <load_address>0x8ae9</load_address>
         <run_address>0x8ae9</run_address>
         <size>0x1f6</size>
         <input_file_ref idref="fl-12"/>
      </object_component>
      <object_component id="oc-1af">
         <name>.debug_info</name>
         <load_address>0x8cdf</load_address>
         <run_address>0x8cdf</run_address>
         <size>0x1f4</size>
         <input_file_ref idref="fl-12"/>
      </object_component>
      <object_component id="oc-1ce">
         <name>.debug_info</name>
         <load_address>0x8ed3</load_address>
         <run_address>0x8ed3</run_address>
         <size>0x227</size>
         <input_file_ref idref="fl-12"/>
      </object_component>
      <object_component id="oc-1c7">
         <name>.debug_info</name>
         <load_address>0x90fa</load_address>
         <run_address>0x90fa</run_address>
         <size>0x227</size>
         <input_file_ref idref="fl-12"/>
      </object_component>
      <object_component id="oc-1d2">
         <name>.debug_info</name>
         <load_address>0x9321</load_address>
         <run_address>0x9321</run_address>
         <size>0x296</size>
         <input_file_ref idref="fl-12"/>
      </object_component>
      <object_component id="oc-223">
         <name>.debug_info</name>
         <load_address>0x95b7</load_address>
         <run_address>0x95b7</run_address>
         <size>0x1de</size>
         <input_file_ref idref="fl-12"/>
      </object_component>
      <object_component id="oc-c7">
         <name>.debug_info</name>
         <load_address>0x9795</load_address>
         <run_address>0x9795</run_address>
         <size>0x31b</size>
         <input_file_ref idref="fl-12"/>
      </object_component>
      <object_component id="oc-197">
         <name>.debug_info</name>
         <load_address>0x9ab0</load_address>
         <run_address>0x9ab0</run_address>
         <size>0x221</size>
         <input_file_ref idref="fl-12"/>
      </object_component>
      <object_component id="oc-19d">
         <name>.debug_info</name>
         <load_address>0x9cd1</load_address>
         <run_address>0x9cd1</run_address>
         <size>0x208</size>
         <input_file_ref idref="fl-12"/>
      </object_component>
      <object_component id="oc-133">
         <name>.debug_info</name>
         <load_address>0x9ed9</load_address>
         <run_address>0x9ed9</run_address>
         <size>0x22f</size>
         <input_file_ref idref="fl-12"/>
      </object_component>
      <object_component id="oc-138">
         <name>.debug_info</name>
         <load_address>0xa108</load_address>
         <run_address>0xa108</run_address>
         <size>0x42e</size>
         <input_file_ref idref="fl-12"/>
      </object_component>
      <object_component id="oc-ab">
         <name>.debug_info</name>
         <load_address>0xa536</load_address>
         <run_address>0xa536</run_address>
         <size>0x158</size>
         <input_file_ref idref="fl-1e"/>
      </object_component>
      <object_component id="oc-112">
         <name>.debug_info</name>
         <load_address>0xa68e</load_address>
         <run_address>0xa68e</run_address>
         <size>0x14d</size>
         <input_file_ref idref="fl-1f"/>
      </object_component>
      <object_component id="oc-15a">
         <name>.debug_info</name>
         <load_address>0xa7db</load_address>
         <run_address>0xa7db</run_address>
         <size>0x1bf</size>
         <input_file_ref idref="fl-20"/>
      </object_component>
      <object_component id="oc-4c">
         <name>.debug_info</name>
         <load_address>0xa99a</load_address>
         <run_address>0xa99a</run_address>
         <size>0x19f</size>
         <input_file_ref idref="fl-21"/>
      </object_component>
      <object_component id="oc-1a">
         <name>.debug_info</name>
         <load_address>0xab39</load_address>
         <run_address>0xab39</run_address>
         <size>0x1b7</size>
         <input_file_ref idref="fl-22"/>
      </object_component>
      <object_component id="oc-16">
         <name>.debug_info</name>
         <load_address>0xacf0</load_address>
         <run_address>0xacf0</run_address>
         <size>0x20c</size>
         <input_file_ref idref="fl-23"/>
      </object_component>
      <object_component id="oc-18c">
         <name>.debug_info</name>
         <load_address>0xaefc</load_address>
         <run_address>0xaefc</run_address>
         <size>0x19e</size>
         <input_file_ref idref="fl-24"/>
      </object_component>
      <object_component id="oc-11c">
         <name>.debug_info</name>
         <load_address>0xb09a</load_address>
         <run_address>0xb09a</run_address>
         <size>0x1a9</size>
         <input_file_ref idref="fl-24"/>
      </object_component>
      <object_component id="oc-18f">
         <name>.debug_info</name>
         <load_address>0xb243</load_address>
         <run_address>0xb243</run_address>
         <size>0x107</size>
         <input_file_ref idref="fl-25"/>
      </object_component>
      <object_component id="oc-249">
         <name>.debug_info</name>
         <load_address>0xb34a</load_address>
         <run_address>0xb34a</run_address>
         <size>0x10b</size>
         <input_file_ref idref="fl-25"/>
      </object_component>
      <object_component id="oc-215">
         <name>.debug_info</name>
         <load_address>0xb455</load_address>
         <run_address>0xb455</run_address>
         <size>0x203</size>
         <input_file_ref idref="fl-25"/>
      </object_component>
      <object_component id="oc-116">
         <name>.debug_info</name>
         <load_address>0xb658</load_address>
         <run_address>0xb658</run_address>
         <size>0x15d</size>
         <input_file_ref idref="fl-26"/>
      </object_component>
      <object_component id="oc-a6">
         <name>.debug_info</name>
         <load_address>0xb7b5</load_address>
         <run_address>0xb7b5</run_address>
         <size>0x208</size>
         <input_file_ref idref="fl-27"/>
      </object_component>
      <object_component id="oc-3b">
         <name>.debug_info</name>
         <load_address>0xb9bd</load_address>
         <run_address>0xb9bd</run_address>
         <size>0x19b</size>
         <input_file_ref idref="fl-29"/>
      </object_component>
      <object_component id="oc-1fc">
         <name>.debug_info</name>
         <load_address>0xbb58</load_address>
         <run_address>0xbb58</run_address>
         <size>0x147</size>
         <input_file_ref idref="fl-2a"/>
      </object_component>
      <object_component id="oc-289">
         <name>.debug_info</name>
         <load_address>0xbc9f</load_address>
         <run_address>0xbc9f</run_address>
         <size>0xad</size>
      </object_component>
      <object_component id="oc-b1">
         <name>.debug_line</name>
         <load_address>0x0</load_address>
         <run_address>0x0</run_address>
         <size>0x44</size>
         <input_file_ref idref="fl-2"/>
      </object_component>
      <object_component id="oc-102">
         <name>.debug_line</name>
         <load_address>0x44</load_address>
         <run_address>0x44</run_address>
         <size>0x44</size>
         <input_file_ref idref="fl-2"/>
      </object_component>
      <object_component id="oc-f4">
         <name>.debug_line</name>
         <load_address>0x88</load_address>
         <run_address>0x88</run_address>
         <size>0x44</size>
         <input_file_ref idref="fl-2"/>
      </object_component>
      <object_component id="oc-32">
         <name>.debug_line</name>
         <load_address>0xcc</load_address>
         <run_address>0xcc</run_address>
         <size>0x55e</size>
         <input_file_ref idref="fl-2"/>
      </object_component>
      <object_component id="oc-27">
         <name>.debug_line</name>
         <load_address>0x62a</load_address>
         <run_address>0x62a</run_address>
         <size>0x7b</size>
         <input_file_ref idref="fl-2"/>
      </object_component>
      <object_component id="oc-104">
         <name>.debug_line</name>
         <load_address>0x6a5</load_address>
         <run_address>0x6a5</run_address>
         <size>0x1b2</size>
         <input_file_ref idref="fl-2"/>
      </object_component>
      <object_component id="oc-2b">
         <name>.debug_line</name>
         <load_address>0x857</load_address>
         <run_address>0x857</run_address>
         <size>0x3ee</size>
         <input_file_ref idref="fl-3"/>
      </object_component>
      <object_component id="oc-c3">
         <name>.debug_line</name>
         <load_address>0xc45</load_address>
         <run_address>0xc45</run_address>
         <size>0x69</size>
         <input_file_ref idref="fl-3"/>
      </object_component>
      <object_component id="oc-6a">
         <name>.debug_line</name>
         <load_address>0xcae</load_address>
         <run_address>0xcae</run_address>
         <size>0x282</size>
         <input_file_ref idref="fl-4"/>
      </object_component>
      <object_component id="oc-14b">
         <name>.debug_line</name>
         <load_address>0xf30</load_address>
         <run_address>0xf30</run_address>
         <size>0x6c</size>
         <input_file_ref idref="fl-4"/>
      </object_component>
      <object_component id="oc-24">
         <name>.debug_line</name>
         <load_address>0xf9c</load_address>
         <run_address>0xf9c</run_address>
         <size>0x55</size>
         <input_file_ref idref="fl-5"/>
      </object_component>
      <object_component id="oc-52">
         <name>.debug_line</name>
         <load_address>0xff1</load_address>
         <run_address>0xff1</run_address>
         <size>0x5d</size>
         <input_file_ref idref="fl-5"/>
      </object_component>
      <object_component id="oc-59">
         <name>.debug_line</name>
         <load_address>0x104e</load_address>
         <run_address>0x104e</run_address>
         <size>0x93</size>
         <input_file_ref idref="fl-e"/>
      </object_component>
      <object_component id="oc-123">
         <name>.debug_line</name>
         <load_address>0x10e1</load_address>
         <run_address>0x10e1</run_address>
         <size>0xbf</size>
         <input_file_ref idref="fl-e"/>
      </object_component>
      <object_component id="oc-f6">
         <name>.debug_line</name>
         <load_address>0x11a0</load_address>
         <run_address>0x11a0</run_address>
         <size>0x85</size>
         <input_file_ref idref="fl-f"/>
      </object_component>
      <object_component id="oc-7f">
         <name>.debug_line</name>
         <load_address>0x1225</load_address>
         <run_address>0x1225</run_address>
         <size>0x8a</size>
         <input_file_ref idref="fl-f"/>
      </object_component>
      <object_component id="oc-85">
         <name>.debug_line</name>
         <load_address>0x12af</load_address>
         <run_address>0x12af</run_address>
         <size>0x8b</size>
         <input_file_ref idref="fl-f"/>
      </object_component>
      <object_component id="oc-8b">
         <name>.debug_line</name>
         <load_address>0x133a</load_address>
         <run_address>0x133a</run_address>
         <size>0x8b</size>
         <input_file_ref idref="fl-f"/>
      </object_component>
      <object_component id="oc-91">
         <name>.debug_line</name>
         <load_address>0x13c5</load_address>
         <run_address>0x13c5</run_address>
         <size>0xc9</size>
         <input_file_ref idref="fl-f"/>
      </object_component>
      <object_component id="oc-152">
         <name>.debug_line</name>
         <load_address>0x148e</load_address>
         <run_address>0x148e</run_address>
         <size>0xbf</size>
         <input_file_ref idref="fl-f"/>
      </object_component>
      <object_component id="oc-144">
         <name>.debug_line</name>
         <load_address>0x154d</load_address>
         <run_address>0x154d</run_address>
         <size>0x86</size>
         <input_file_ref idref="fl-10"/>
      </object_component>
      <object_component id="oc-d6">
         <name>.debug_line</name>
         <load_address>0x15d3</load_address>
         <run_address>0x15d3</run_address>
         <size>0x90</size>
         <input_file_ref idref="fl-10"/>
      </object_component>
      <object_component id="oc-cc">
         <name>.debug_line</name>
         <load_address>0x1663</load_address>
         <run_address>0x1663</run_address>
         <size>0x9f</size>
         <input_file_ref idref="fl-10"/>
      </object_component>
      <object_component id="oc-db">
         <name>.debug_line</name>
         <load_address>0x1702</load_address>
         <run_address>0x1702</run_address>
         <size>0x91</size>
         <input_file_ref idref="fl-10"/>
      </object_component>
      <object_component id="oc-1f5">
         <name>.debug_line</name>
         <load_address>0x1793</load_address>
         <run_address>0x1793</run_address>
         <size>0xc0</size>
         <input_file_ref idref="fl-10"/>
      </object_component>
      <object_component id="oc-bf">
         <name>.debug_line</name>
         <load_address>0x1853</load_address>
         <run_address>0x1853</run_address>
         <size>0x8b</size>
         <input_file_ref idref="fl-11"/>
      </object_component>
      <object_component id="oc-b9">
         <name>.debug_line</name>
         <load_address>0x18de</load_address>
         <run_address>0x18de</run_address>
         <size>0x8b</size>
         <input_file_ref idref="fl-11"/>
      </object_component>
      <object_component id="oc-e4">
         <name>.debug_line</name>
         <load_address>0x1969</load_address>
         <run_address>0x1969</run_address>
         <size>0x91</size>
         <input_file_ref idref="fl-11"/>
      </object_component>
      <object_component id="oc-f1">
         <name>.debug_line</name>
         <load_address>0x19fa</load_address>
         <run_address>0x19fa</run_address>
         <size>0x89</size>
         <input_file_ref idref="fl-11"/>
      </object_component>
      <object_component id="oc-ea">
         <name>.debug_line</name>
         <load_address>0x1a83</load_address>
         <run_address>0x1a83</run_address>
         <size>0x89</size>
         <input_file_ref idref="fl-11"/>
      </object_component>
      <object_component id="oc-71">
         <name>.debug_line</name>
         <load_address>0x1b0c</load_address>
         <run_address>0x1b0c</run_address>
         <size>0xa6</size>
         <input_file_ref idref="fl-11"/>
      </object_component>
      <object_component id="oc-77">
         <name>.debug_line</name>
         <load_address>0x1bb2</load_address>
         <run_address>0x1bb2</run_address>
         <size>0x9f</size>
         <input_file_ref idref="fl-11"/>
      </object_component>
      <object_component id="oc-5f">
         <name>.debug_line</name>
         <load_address>0x1c51</load_address>
         <run_address>0x1c51</run_address>
         <size>0x9f</size>
         <input_file_ref idref="fl-11"/>
      </object_component>
      <object_component id="oc-128">
         <name>.debug_line</name>
         <load_address>0x1cf0</load_address>
         <run_address>0x1cf0</run_address>
         <size>0x21</size>
         <input_file_ref idref="fl-11"/>
      </object_component>
      <object_component id="oc-1a5">
         <name>.debug_line</name>
         <load_address>0x1d11</load_address>
         <run_address>0x1d11</run_address>
         <size>0x8c</size>
         <input_file_ref idref="fl-12"/>
      </object_component>
      <object_component id="oc-12f">
         <name>.debug_line</name>
         <load_address>0x1d9d</load_address>
         <run_address>0x1d9d</run_address>
         <size>0x88</size>
         <input_file_ref idref="fl-12"/>
      </object_component>
      <object_component id="oc-22b">
         <name>.debug_line</name>
         <load_address>0x1e25</load_address>
         <run_address>0x1e25</run_address>
         <size>0x8a</size>
         <input_file_ref idref="fl-12"/>
      </object_component>
      <object_component id="oc-234">
         <name>.debug_line</name>
         <load_address>0x1eaf</load_address>
         <run_address>0x1eaf</run_address>
         <size>0x85</size>
         <input_file_ref idref="fl-12"/>
      </object_component>
      <object_component id="oc-1ed">
         <name>.debug_line</name>
         <load_address>0x1f34</load_address>
         <run_address>0x1f34</run_address>
         <size>0x88</size>
         <input_file_ref idref="fl-12"/>
      </object_component>
      <object_component id="oc-1b8">
         <name>.debug_line</name>
         <load_address>0x1fbc</load_address>
         <run_address>0x1fbc</run_address>
         <size>0x88</size>
         <input_file_ref idref="fl-12"/>
      </object_component>
      <object_component id="oc-1e2">
         <name>.debug_line</name>
         <load_address>0x2044</load_address>
         <run_address>0x2044</run_address>
         <size>0x88</size>
         <input_file_ref idref="fl-12"/>
      </object_component>
      <object_component id="oc-1e8">
         <name>.debug_line</name>
         <load_address>0x20cc</load_address>
         <run_address>0x20cc</run_address>
         <size>0x88</size>
         <input_file_ref idref="fl-12"/>
      </object_component>
      <object_component id="oc-1bd">
         <name>.debug_line</name>
         <load_address>0x2154</load_address>
         <run_address>0x2154</run_address>
         <size>0x88</size>
         <input_file_ref idref="fl-12"/>
      </object_component>
      <object_component id="oc-1c3">
         <name>.debug_line</name>
         <load_address>0x21dc</load_address>
         <run_address>0x21dc</run_address>
         <size>0x88</size>
         <input_file_ref idref="fl-12"/>
      </object_component>
      <object_component id="oc-1db">
         <name>.debug_line</name>
         <load_address>0x2264</load_address>
         <run_address>0x2264</run_address>
         <size>0x8e</size>
         <input_file_ref idref="fl-12"/>
      </object_component>
      <object_component id="oc-1ab">
         <name>.debug_line</name>
         <load_address>0x22f2</load_address>
         <run_address>0x22f2</run_address>
         <size>0x88</size>
         <input_file_ref idref="fl-12"/>
      </object_component>
      <object_component id="oc-1ae">
         <name>.debug_line</name>
         <load_address>0x237a</load_address>
         <run_address>0x237a</run_address>
         <size>0x88</size>
         <input_file_ref idref="fl-12"/>
      </object_component>
      <object_component id="oc-1cc">
         <name>.debug_line</name>
         <load_address>0x2402</load_address>
         <run_address>0x2402</run_address>
         <size>0x88</size>
         <input_file_ref idref="fl-12"/>
      </object_component>
      <object_component id="oc-1c6">
         <name>.debug_line</name>
         <load_address>0x248a</load_address>
         <run_address>0x248a</run_address>
         <size>0x88</size>
         <input_file_ref idref="fl-12"/>
      </object_component>
      <object_component id="oc-1d5">
         <name>.debug_line</name>
         <load_address>0x2512</load_address>
         <run_address>0x2512</run_address>
         <size>0x92</size>
         <input_file_ref idref="fl-12"/>
      </object_component>
      <object_component id="oc-222">
         <name>.debug_line</name>
         <load_address>0x25a4</load_address>
         <run_address>0x25a4</run_address>
         <size>0x9b</size>
         <input_file_ref idref="fl-12"/>
      </object_component>
      <object_component id="oc-ca">
         <name>.debug_line</name>
         <load_address>0x263f</load_address>
         <run_address>0x263f</run_address>
         <size>0x111</size>
         <input_file_ref idref="fl-12"/>
      </object_component>
      <object_component id="oc-196">
         <name>.debug_line</name>
         <load_address>0x2750</load_address>
         <run_address>0x2750</run_address>
         <size>0x9c</size>
         <input_file_ref idref="fl-12"/>
      </object_component>
      <object_component id="oc-19c">
         <name>.debug_line</name>
         <load_address>0x27ec</load_address>
         <run_address>0x27ec</run_address>
         <size>0x96</size>
         <input_file_ref idref="fl-12"/>
      </object_component>
      <object_component id="oc-132">
         <name>.debug_line</name>
         <load_address>0x2882</load_address>
         <run_address>0x2882</run_address>
         <size>0xa4</size>
         <input_file_ref idref="fl-12"/>
      </object_component>
      <object_component id="oc-13b">
         <name>.debug_line</name>
         <load_address>0x2926</load_address>
         <run_address>0x2926</run_address>
         <size>0xdb</size>
         <input_file_ref idref="fl-12"/>
      </object_component>
      <object_component id="oc-1f1">
         <name>.debug_line</name>
         <load_address>0x2a01</load_address>
         <run_address>0x2a01</run_address>
         <size>0xc2</size>
         <input_file_ref idref="fl-12"/>
      </object_component>
      <object_component id="oc-ae">
         <name>.debug_line</name>
         <load_address>0x2ac3</load_address>
         <run_address>0x2ac3</run_address>
         <size>0x4f</size>
         <input_file_ref idref="fl-1e"/>
      </object_component>
      <object_component id="oc-10f">
         <name>.debug_line</name>
         <load_address>0x2b12</load_address>
         <run_address>0x2b12</run_address>
         <size>0x3f</size>
         <input_file_ref idref="fl-1f"/>
      </object_component>
      <object_component id="oc-1f8">
         <name>.debug_line</name>
         <load_address>0x2b51</load_address>
         <run_address>0x2b51</run_address>
         <size>0x21</size>
         <input_file_ref idref="fl-1f"/>
      </object_component>
      <object_component id="oc-15d">
         <name>.debug_line</name>
         <load_address>0x2b72</load_address>
         <run_address>0x2b72</run_address>
         <size>0x74</size>
         <input_file_ref idref="fl-20"/>
      </object_component>
      <object_component id="oc-244">
         <name>.debug_line</name>
         <load_address>0x2be6</load_address>
         <run_address>0x2be6</run_address>
         <size>0x21</size>
         <input_file_ref idref="fl-20"/>
      </object_component>
      <object_component id="oc-4b">
         <name>.debug_line</name>
         <load_address>0x2c07</load_address>
         <run_address>0x2c07</run_address>
         <size>0x52</size>
         <input_file_ref idref="fl-21"/>
      </object_component>
      <object_component id="oc-10a">
         <name>.debug_line</name>
         <load_address>0x2c59</load_address>
         <run_address>0x2c59</run_address>
         <size>0x21</size>
         <input_file_ref idref="fl-21"/>
      </object_component>
      <object_component id="oc-1e">
         <name>.debug_line</name>
         <load_address>0x2c7a</load_address>
         <run_address>0x2c7a</run_address>
         <size>0x57</size>
         <input_file_ref idref="fl-22"/>
      </object_component>
      <object_component id="oc-9f">
         <name>.debug_line</name>
         <load_address>0x2cd1</load_address>
         <run_address>0x2cd1</run_address>
         <size>0x21</size>
         <input_file_ref idref="fl-22"/>
      </object_component>
      <object_component id="oc-14">
         <name>.debug_line</name>
         <load_address>0x2cf2</load_address>
         <run_address>0x2cf2</run_address>
         <size>0x9a</size>
         <input_file_ref idref="fl-23"/>
      </object_component>
      <object_component id="oc-9a">
         <name>.debug_line</name>
         <load_address>0x2d8c</load_address>
         <run_address>0x2d8c</run_address>
         <size>0x21</size>
         <input_file_ref idref="fl-23"/>
      </object_component>
      <object_component id="oc-213">
         <name>.debug_line</name>
         <load_address>0x2dad</load_address>
         <run_address>0x2dad</run_address>
         <size>0x2b</size>
         <input_file_ref idref="fl-24"/>
      </object_component>
      <object_component id="oc-120">
         <name>.debug_line</name>
         <load_address>0x2dd8</load_address>
         <run_address>0x2dd8</run_address>
         <size>0x66</size>
         <input_file_ref idref="fl-24"/>
      </object_component>
      <object_component id="oc-21e">
         <name>.debug_line</name>
         <load_address>0x2e3e</load_address>
         <run_address>0x2e3e</run_address>
         <size>0x21</size>
         <input_file_ref idref="fl-24"/>
      </object_component>
      <object_component id="oc-21b">
         <name>.debug_line</name>
         <load_address>0x2e5f</load_address>
         <run_address>0x2e5f</run_address>
         <size>0x2c</size>
         <input_file_ref idref="fl-25"/>
      </object_component>
      <object_component id="oc-259">
         <name>.debug_line</name>
         <load_address>0x2e8b</load_address>
         <run_address>0x2e8b</run_address>
         <size>0x2c</size>
         <input_file_ref idref="fl-25"/>
      </object_component>
      <object_component id="oc-218">
         <name>.debug_line</name>
         <load_address>0x2eb7</load_address>
         <run_address>0x2eb7</run_address>
         <size>0x5f</size>
         <input_file_ref idref="fl-25"/>
      </object_component>
      <object_component id="oc-24d">
         <name>.debug_line</name>
         <load_address>0x2f16</load_address>
         <run_address>0x2f16</run_address>
         <size>0x21</size>
         <input_file_ref idref="fl-25"/>
      </object_component>
      <object_component id="oc-119">
         <name>.debug_line</name>
         <load_address>0x2f37</load_address>
         <run_address>0x2f37</run_address>
         <size>0x4e</size>
         <input_file_ref idref="fl-26"/>
      </object_component>
      <object_component id="oc-210">
         <name>.debug_line</name>
         <load_address>0x2f85</load_address>
         <run_address>0x2f85</run_address>
         <size>0x30</size>
         <input_file_ref idref="fl-26"/>
      </object_component>
      <object_component id="oc-a4">
         <name>.debug_line</name>
         <load_address>0x2fb5</load_address>
         <run_address>0x2fb5</run_address>
         <size>0xb2</size>
         <input_file_ref idref="fl-27"/>
      </object_component>
      <object_component id="oc-155">
         <name>.debug_line</name>
         <load_address>0x3067</load_address>
         <run_address>0x3067</run_address>
         <size>0x21</size>
         <input_file_ref idref="fl-27"/>
      </object_component>
      <object_component id="oc-3e">
         <name>.debug_line</name>
         <load_address>0x3088</load_address>
         <run_address>0x3088</run_address>
         <size>0x63</size>
         <input_file_ref idref="fl-29"/>
      </object_component>
      <object_component id="oc-107">
         <name>.debug_line</name>
         <load_address>0x30eb</load_address>
         <run_address>0x30eb</run_address>
         <size>0x21</size>
         <input_file_ref idref="fl-29"/>
      </object_component>
      <object_component id="oc-1fe">
         <name>.debug_line</name>
         <load_address>0x310c</load_address>
         <run_address>0x310c</run_address>
         <size>0x3b</size>
         <input_file_ref idref="fl-2a"/>
      </object_component>
      <object_component id="oc-253">
         <name>.debug_line</name>
         <load_address>0x3147</load_address>
         <run_address>0x3147</run_address>
         <size>0x21</size>
         <input_file_ref idref="fl-2a"/>
      </object_component>
      <object_component id="oc-31">
         <name>.debug_frame</name>
         <load_address>0x0</load_address>
         <run_address>0x0</run_address>
         <size>0x330</size>
         <input_file_ref idref="fl-2"/>
      </object_component>
      <object_component id="oc-28">
         <name>.debug_frame</name>
         <load_address>0x330</load_address>
         <run_address>0x330</run_address>
         <size>0x130</size>
         <input_file_ref idref="fl-2"/>
      </object_component>
      <object_component id="oc-2a">
         <name>.debug_frame</name>
         <load_address>0x460</load_address>
         <run_address>0x460</run_address>
         <size>0x280</size>
         <input_file_ref idref="fl-3"/>
      </object_component>
      <object_component id="oc-6b">
         <name>.debug_frame</name>
         <load_address>0x6e0</load_address>
         <run_address>0x6e0</run_address>
         <size>0x12c</size>
         <input_file_ref idref="fl-4"/>
      </object_component>
      <object_component id="oc-58">
         <name>.debug_frame</name>
         <load_address>0x80c</load_address>
         <run_address>0x80c</run_address>
         <size>0x44</size>
         <input_file_ref idref="fl-e"/>
      </object_component>
      <object_component id="oc-fa">
         <name>.debug_frame</name>
         <load_address>0x850</load_address>
         <run_address>0x850</run_address>
         <size>0x44</size>
         <input_file_ref idref="fl-f"/>
      </object_component>
      <object_component id="oc-80">
         <name>.debug_frame</name>
         <load_address>0x894</load_address>
         <run_address>0x894</run_address>
         <size>0x44</size>
         <input_file_ref idref="fl-f"/>
      </object_component>
      <object_component id="oc-86">
         <name>.debug_frame</name>
         <load_address>0x8d8</load_address>
         <run_address>0x8d8</run_address>
         <size>0x44</size>
         <input_file_ref idref="fl-f"/>
      </object_component>
      <object_component id="oc-8c">
         <name>.debug_frame</name>
         <load_address>0x91c</load_address>
         <run_address>0x91c</run_address>
         <size>0x44</size>
         <input_file_ref idref="fl-f"/>
      </object_component>
      <object_component id="oc-92">
         <name>.debug_frame</name>
         <load_address>0x960</load_address>
         <run_address>0x960</run_address>
         <size>0x44</size>
         <input_file_ref idref="fl-f"/>
      </object_component>
      <object_component id="oc-140">
         <name>.debug_frame</name>
         <load_address>0x9a4</load_address>
         <run_address>0x9a4</run_address>
         <size>0x44</size>
         <input_file_ref idref="fl-10"/>
      </object_component>
      <object_component id="oc-d2">
         <name>.debug_frame</name>
         <load_address>0x9e8</load_address>
         <run_address>0x9e8</run_address>
         <size>0x44</size>
         <input_file_ref idref="fl-10"/>
      </object_component>
      <object_component id="oc-cd">
         <name>.debug_frame</name>
         <load_address>0xa2c</load_address>
         <run_address>0xa2c</run_address>
         <size>0x44</size>
         <input_file_ref idref="fl-10"/>
      </object_component>
      <object_component id="oc-dc">
         <name>.debug_frame</name>
         <load_address>0xa70</load_address>
         <run_address>0xa70</run_address>
         <size>0x44</size>
         <input_file_ref idref="fl-10"/>
      </object_component>
      <object_component id="oc-bb">
         <name>.debug_frame</name>
         <load_address>0xab4</load_address>
         <run_address>0xab4</run_address>
         <size>0x40</size>
         <input_file_ref idref="fl-11"/>
      </object_component>
      <object_component id="oc-b8">
         <name>.debug_frame</name>
         <load_address>0xaf4</load_address>
         <run_address>0xaf4</run_address>
         <size>0x40</size>
         <input_file_ref idref="fl-11"/>
      </object_component>
      <object_component id="oc-e5">
         <name>.debug_frame</name>
         <load_address>0xb34</load_address>
         <run_address>0xb34</run_address>
         <size>0x40</size>
         <input_file_ref idref="fl-11"/>
      </object_component>
      <object_component id="oc-f0">
         <name>.debug_frame</name>
         <load_address>0xb74</load_address>
         <run_address>0xb74</run_address>
         <size>0x40</size>
         <input_file_ref idref="fl-11"/>
      </object_component>
      <object_component id="oc-eb">
         <name>.debug_frame</name>
         <load_address>0xbb4</load_address>
         <run_address>0xbb4</run_address>
         <size>0x40</size>
         <input_file_ref idref="fl-11"/>
      </object_component>
      <object_component id="oc-70">
         <name>.debug_frame</name>
         <load_address>0xbf4</load_address>
         <run_address>0xbf4</run_address>
         <size>0x40</size>
         <input_file_ref idref="fl-11"/>
      </object_component>
      <object_component id="oc-73">
         <name>.debug_frame</name>
         <load_address>0xc34</load_address>
         <run_address>0xc34</run_address>
         <size>0x44</size>
         <input_file_ref idref="fl-11"/>
      </object_component>
      <object_component id="oc-63">
         <name>.debug_frame</name>
         <load_address>0xc78</load_address>
         <run_address>0xc78</run_address>
         <size>0x44</size>
         <input_file_ref idref="fl-11"/>
      </object_component>
      <object_component id="oc-1a6">
         <name>.debug_frame</name>
         <load_address>0xcbc</load_address>
         <run_address>0xcbc</run_address>
         <size>0x44</size>
         <input_file_ref idref="fl-12"/>
      </object_component>
      <object_component id="oc-130">
         <name>.debug_frame</name>
         <load_address>0xd00</load_address>
         <run_address>0xd00</run_address>
         <size>0x40</size>
         <input_file_ref idref="fl-12"/>
      </object_component>
      <object_component id="oc-22a">
         <name>.debug_frame</name>
         <load_address>0xd40</load_address>
         <run_address>0xd40</run_address>
         <size>0x40</size>
         <input_file_ref idref="fl-12"/>
      </object_component>
      <object_component id="oc-233">
         <name>.debug_frame</name>
         <load_address>0xd80</load_address>
         <run_address>0xd80</run_address>
         <size>0x44</size>
         <input_file_ref idref="fl-12"/>
      </object_component>
      <object_component id="oc-1ee">
         <name>.debug_frame</name>
         <load_address>0xdc4</load_address>
         <run_address>0xdc4</run_address>
         <size>0x44</size>
         <input_file_ref idref="fl-12"/>
      </object_component>
      <object_component id="oc-1b7">
         <name>.debug_frame</name>
         <load_address>0xe08</load_address>
         <run_address>0xe08</run_address>
         <size>0x44</size>
         <input_file_ref idref="fl-12"/>
      </object_component>
      <object_component id="oc-1e1">
         <name>.debug_frame</name>
         <load_address>0xe4c</load_address>
         <run_address>0xe4c</run_address>
         <size>0x44</size>
         <input_file_ref idref="fl-12"/>
      </object_component>
      <object_component id="oc-1e7">
         <name>.debug_frame</name>
         <load_address>0xe90</load_address>
         <run_address>0xe90</run_address>
         <size>0x44</size>
         <input_file_ref idref="fl-12"/>
      </object_component>
      <object_component id="oc-1be">
         <name>.debug_frame</name>
         <load_address>0xed4</load_address>
         <run_address>0xed4</run_address>
         <size>0x44</size>
         <input_file_ref idref="fl-12"/>
      </object_component>
      <object_component id="oc-1c4">
         <name>.debug_frame</name>
         <load_address>0xf18</load_address>
         <run_address>0xf18</run_address>
         <size>0x44</size>
         <input_file_ref idref="fl-12"/>
      </object_component>
      <object_component id="oc-1dc">
         <name>.debug_frame</name>
         <load_address>0xf5c</load_address>
         <run_address>0xf5c</run_address>
         <size>0x44</size>
         <input_file_ref idref="fl-12"/>
      </object_component>
      <object_component id="oc-1ac">
         <name>.debug_frame</name>
         <load_address>0xfa0</load_address>
         <run_address>0xfa0</run_address>
         <size>0x44</size>
         <input_file_ref idref="fl-12"/>
      </object_component>
      <object_component id="oc-1b2">
         <name>.debug_frame</name>
         <load_address>0xfe4</load_address>
         <run_address>0xfe4</run_address>
         <size>0x44</size>
         <input_file_ref idref="fl-12"/>
      </object_component>
      <object_component id="oc-1cd">
         <name>.debug_frame</name>
         <load_address>0x1028</load_address>
         <run_address>0x1028</run_address>
         <size>0x44</size>
         <input_file_ref idref="fl-12"/>
      </object_component>
      <object_component id="oc-1ca">
         <name>.debug_frame</name>
         <load_address>0x106c</load_address>
         <run_address>0x106c</run_address>
         <size>0x44</size>
         <input_file_ref idref="fl-12"/>
      </object_component>
      <object_component id="oc-1d6">
         <name>.debug_frame</name>
         <load_address>0x10b0</load_address>
         <run_address>0x10b0</run_address>
         <size>0x44</size>
         <input_file_ref idref="fl-12"/>
      </object_component>
      <object_component id="oc-221">
         <name>.debug_frame</name>
         <load_address>0x10f4</load_address>
         <run_address>0x10f4</run_address>
         <size>0x44</size>
         <input_file_ref idref="fl-12"/>
      </object_component>
      <object_component id="oc-c6">
         <name>.debug_frame</name>
         <load_address>0x1138</load_address>
         <run_address>0x1138</run_address>
         <size>0x44</size>
         <input_file_ref idref="fl-12"/>
      </object_component>
      <object_component id="oc-195">
         <name>.debug_frame</name>
         <load_address>0x117c</load_address>
         <run_address>0x117c</run_address>
         <size>0x40</size>
         <input_file_ref idref="fl-12"/>
      </object_component>
      <object_component id="oc-19b">
         <name>.debug_frame</name>
         <load_address>0x11bc</load_address>
         <run_address>0x11bc</run_address>
         <size>0x40</size>
         <input_file_ref idref="fl-12"/>
      </object_component>
      <object_component id="oc-136">
         <name>.debug_frame</name>
         <load_address>0x11fc</load_address>
         <run_address>0x11fc</run_address>
         <size>0x44</size>
         <input_file_ref idref="fl-12"/>
      </object_component>
      <object_component id="oc-13c">
         <name>.debug_frame</name>
         <load_address>0x1240</load_address>
         <run_address>0x1240</run_address>
         <size>0x44</size>
         <input_file_ref idref="fl-12"/>
      </object_component>
      <object_component id="oc-111">
         <name>.debug_frame</name>
         <load_address>0x1284</load_address>
         <run_address>0x1284</run_address>
         <size>0x40</size>
         <input_file_ref idref="fl-1f"/>
      </object_component>
      <object_component id="oc-15e">
         <name>.debug_frame</name>
         <load_address>0x12c4</load_address>
         <run_address>0x12c4</run_address>
         <size>0x58</size>
         <input_file_ref idref="fl-20"/>
      </object_component>
      <object_component id="oc-49">
         <name>.debug_frame</name>
         <load_address>0x131c</load_address>
         <run_address>0x131c</run_address>
         <size>0x40</size>
         <input_file_ref idref="fl-21"/>
      </object_component>
      <object_component id="oc-1d">
         <name>.debug_frame</name>
         <load_address>0x135c</load_address>
         <run_address>0x135c</run_address>
         <size>0x40</size>
         <input_file_ref idref="fl-22"/>
      </object_component>
      <object_component id="oc-15">
         <name>.debug_frame</name>
         <load_address>0x139c</load_address>
         <run_address>0x139c</run_address>
         <size>0x48</size>
         <input_file_ref idref="fl-23"/>
      </object_component>
      <object_component id="oc-11f">
         <name>.debug_frame</name>
         <load_address>0x13e4</load_address>
         <run_address>0x13e4</run_address>
         <size>0x60</size>
         <input_file_ref idref="fl-24"/>
      </object_component>
      <object_component id="oc-219">
         <name>.debug_frame</name>
         <load_address>0x1444</load_address>
         <run_address>0x1444</run_address>
         <size>0x70</size>
         <input_file_ref idref="fl-25"/>
      </object_component>
      <object_component id="oc-11a">
[...]
         <name>FLASH_BANK1_SEC8</name>
         <page_id>0x0</page_id>
         <origin>0x98000</origin>
         <length>0x1000</length>
         <used_space>0x0</used_space>
         <unused_space>0x1000</unused_space>
         <attributes>RWIX</attributes>
         <usage_details>
         </usage_details>
      </memory_area>
      <memory_area display="yes" color="green">
         <name>FLASH_BANK1_SEC9</name>
         <page_id>0x0</page_id>
         <origin>0x99000</origin>
         <length>0x1000</length>
         <used_space>0x0</used_space>
         <unused_space>0x1000</unused_space>
         <attributes>RWIX</attributes>
         <usage_details>
         </usage_details>
      </memory_area>
      <memory_area display="yes" color="green">
         <name>FLASH_BANK1_SEC10</name>
         <page_id>0x0</page_id>
         <origin>0x9a000</origin>
         <length>0x1000</length>
         <used_space>0x0</used_space>
         <unused_space>0x1000</unused_space>
         <attributes>RWIX</attributes>
         <usage_details>
         </usage_details>
      </memory_area>
      <memory_area display="yes" color="green">
         <name>FLASH_BANK1_SEC11</name>
         <page_id>0x0</page_id>
         <origin>0x9b000</origin>
         <length>0x1000</length>
         <used_space>0x0</used_space>
         <unused_space>0x1000</unused_space>
         <attributes>RWIX</attributes>
         <usage_details>
         </usage_details>
      </memory_area>
      <memory_area display="yes" color="green">
         <name>FLASH_BANK1_SEC12</name>
         <page_id>0x0</page_id>
         <origin>0x9c000</origin>
         <length>0x1000</length>
         <used_space>0x0</used_space>
         <unused_space>0x1000</unused_space>
         <attributes>RWIX</attributes>
         <usage_details>
         </usage_details>
      </memory_area>
      <memory_area display="yes" color="green">
         <name>FLASH_BANK1_SEC13</name>
         <page_id>0x0</page_id>
         <origin>0x9d000</origin>
         <length>0x1000</length>
         <used_space>0x0</used_space>
         <unused_space>0x1000</unused_space>
         <attributes>RWIX</attributes>
         <usage_details>
         </usage_details>
      </memory_area>
      <memory_area display="yes" color="green">
         <name>FLASH_BANK1_SEC14</name>
         <page_id>0x0</page_id>
         <origin>0x9e000</origin>
         <length>0x1000</length>
         <used_space>0x0</used_space>
         <unused_space>0x1000</unused_space>
         <attributes>RWIX</attributes>
         <usage_details>
         </usage_details>
      </memory_area>
      <memory_area display="yes" color="green">
         <name>FLASH_BANK1_SEC15</name>
         <page_id>0x0</page_id>
         <origin>0x9f000</origin>
         <length>0x1000</length>
         <used_space>0x0</used_space>
         <unused_space>0x1000</unused_space>
         <attributes>RWIX</attributes>
         <usage_details>
         </usage_details>
      </memory_area>
      <memory_area display="no" color="green">
         <name>RESET</name>
         <page_id>0x0</page_id>
         <origin>0x3fffc0</origin>
         <length>0x2</length>
         <used_space>0x0</used_space>
         <unused_space>0x2</unused_space>
         <attributes>RWIX</attributes>
         <usage_details>
         </usage_details>
      </memory_area>
      <memory_area display="yes" color="green">
         <name>BOOT_RSVD</name>
         <page_id>0x1</page_id>
         <origin>0x2</origin>
         <length>0xf1</length>
         <used_space>0x0</used_space>
         <unused_space>0xf1</unused_space>
         <attributes>RWIX</attributes>
         <usage_details>
         </usage_details>
      </memory_area>
      <memory_area display="yes" color="green">
         <name>RAMM1</name>
         <page_id>0x1</page_id>
         <origin>0x400</origin>
         <length>0x3f8</length>
         <used_space>0x3f8</used_space>
         <unused_space>0x0</unused_space>
         <attributes>RWIX</attributes>
         <usage_details>
            <allocated_space>
               <start_address>0x400</start_address>
               <size>0x3f8</size>
               <logical_group_ref idref="lg-8"/>
            </allocated_space>
         </usage_details>
      </memory_area>
      <memory_area display="yes" color="green">
         <name>RAMLS5</name>
         <page_id>0x1</page_id>
         <origin>0xa800</origin>
         <length>0x800</length>
         <used_space>0x18a</used_space>
         <unused_space>0x676</unused_space>
         <attributes>RWIX</attributes>
         <usage_details>
            <allocated_space>
               <start_address>0xa800</start_address>
               <size>0x17d</size>
               <logical_group_ref idref="lg-c"/>
            </allocated_space>
            <allocated_space>
               <start_address>0xa97d</start_address>
               <size>0x1</size>
               <logical_group_ref idref="lg-9"/>
            </allocated_space>
            <allocated_space>
               <start_address>0xa97e</start_address>
               <size>0xc</size>
               <logical_group_ref idref="lg-d"/>
            </allocated_space>
            <available_space>
               <start_address>0xa98a</start_address>
               <size>0x676</size>
            </available_space>
         </usage_details>
      </memory_area>
      <memory_area display="yes" color="green">
         <name>RAMLS6</name>
         <page_id>0x1</page_id>
         <origin>0xb000</origin>
         <length>0x800</length>
         <used_space>0x0</used_space>
         <unused_space>0x800</unused_space>
         <attributes>RWIX</attributes>
         <usage_details>
         </usage_details>
      </memory_area>
      <memory_area display="yes" color="green">
         <name>RAMLS7</name>
         <page_id>0x1</page_id>
         <origin>0xb800</origin>
         <length>0x800</length>
         <used_space>0x0</used_space>
         <unused_space>0x800</unused_space>
         <attributes>RWIX</attributes>
         <usage_details>
         </usage_details>
      </memory_area>
      <memory_area display="yes" color="green">
         <name>RAMGS0</name>
         <page_id>0x1</page_id>
         <origin>0xc000</origin>
         <length>0x2000</length>
         <used_space>0x800</used_space>
         <unused_space>0x1800</unused_space>
         <attributes>RWIX</attributes>
         <usage_details>
            <allocated_space>
               <start_address>0xc000</start_address>
               <size>0x800</size>
               <logical_group_ref idref="lg-10"/>
            </allocated_space>
            <available_space>
               <start_address>0xc800</start_address>
               <size>0x1800</size>
            </available_space>
         </usage_details>
      </memory_area>
      <memory_area display="yes" color="green">
         <name>RAMGS1</name>
         <page_id>0x1</page_id>
         <origin>0xe000</origin>
         <length>0x2000</length>
         <used_space>0x0</used_space>
         <unused_space>0x2000</unused_space>
         <attributes>RWIX</attributes>
         <usage_details>
         </usage_details>
      </memory_area>
      <memory_area display="yes" color="green">
         <name>RAMGS2</name>
         <page_id>0x1</page_id>
         <origin>0x10000</origin>
         <length>0x2000</length>
         <used_space>0x0</used_space>
         <unused_space>0x2000</unused_space>
         <attributes>RWIX</attributes>
         <usage_details>
         </usage_details>
      </memory_area>
      <memory_area display="yes" color="green">
         <name>RAMGS3</name>
         <page_id>0x1</page_id>
         <origin>0x12000</origin>
         <length>0x1ff8</length>
         <used_space>0x0</used_space>
         <unused_space>0x1ff8</unused_space>
         <attributes>RWIX</attributes>
         <usage_details>
         </usage_details>
      </memory_area>
   </placement_map>
   <cptbl_list>
      <cptbl>
         <name>__TI_cinit_table</name>
         <cprec>
            <name>.data</name>
            <load_address>0x170</load_address>
            <load_size>0xb</load_size>
            <run_address>0xa97e</run_address>
            <run_size>0xc</run_size>
            <compression>lzss</compression>
         </cprec>
         <cprec>
            <name>.bss</name>
            <load_address>0x182</load_address>
            <load_size>0x4</load_size>
            <run_address>0xa97d</run_address>
            <run_size>0x1</run_size>
            <compression>zero_init</compression>
         </cprec>
         <cprec>
            <name>ramgs0</name>
            <load_address>0x186</load_address>
            <load_size>0x4</load_size>
            <run_address>0xc000</run_address>
            <run_size>0x800</run_size>
            <compression>zero_init</compression>
         </cprec>
      </cptbl>
   </cptbl_list>
   <handler_table>
      <handler_table_name>__TI_handler_table</handler_table_name>
      <handler>
         <index>0x0</index>
         <name>__TI_zero_init</name>
      </handler>
      <handler>
         <index>0x1</index>
         <name>__TI_decompress_lzss</name>
      </handler>
      <handler>
         <index>0x2</index>
         <name>__TI_decompress_none</name>
      </handler>
   </handler_table>
   <symbol_table>
      <symbol id="sm-1">
         <name>__TI_CINIT_Base</name>
         <value>0x18c</value>
      </symbol>
      <symbol id="sm-2">
         <name>__TI_CINIT_Limit</name>
         <value>0x198</value>
      </symbol>
      <symbol id="sm-3">
         <name>__TI_CINIT_Warm</name>
         <value>0x198</value>
      </symbol>
      <symbol id="sm-4">
         <name>__TI_Handler_Table_Base</name>
         <value>0x17c</value>
      </symbol>
      <symbol id="sm-5">
         <name>__TI_Handler_Table_Limit</name>
         <value>0x182</value>
      </symbol>
      <symbol id="sm-6">
         <name>__TI_STACK_SIZE</name>
         <value>0x3f8</value>
      </symbol>
      <symbol id="sm-7">
         <name>__TI_STACK_END</name>
         <value>0x7f8</value>
      </symbol>
      <symbol id="sm-8">
         <name>__TI_pprof_out_hndl</name>
         <value>0xffffffff</value>
      </symbol>
      <symbol id="sm-9">
         <name>__TI_prof_data_start</name>
         <value>0xffffffff</value>
      </symbol>
      <symbol id="sm-a">
         <name>__TI_prof_data_size</name>
         <value>0xffffffff</value>
      </symbol>
      <symbol id="sm-7c">
         <name>adcA1ISR</name>
         <value>0xf6</value>
         <object_component_ref idref="oc-25"/>
      </symbol>
      <symbol id="sm-7d">
         <name>done</name>
         <value>0xa97d</value>
         <object_component_ref idref="oc-54"/>
      </symbol>
      <symbol id="sm-7e">
         <name>configureEPWM</name>
         <value>0x8737</value>
         <object_component_ref idref="oc-2f"/>
      </symbol>
      <symbol id="sm-7f">
         <name>initializeDMA</name>
         <value>0x8763</value>
         <object_component_ref idref="oc-2f"/>
      </symbol>
      <symbol id="sm-80">
         <name>main</name>
         <value>0x864d</value>
         <object_component_ref idref="oc-2f"/>
      </symbol>
      <symbol id="sm-81">
         <name>dmach1ISR</name>
         <value>0x12a</value>
         <object_component_ref idref="oc-25"/>
      </symbol>
      <symbol id="sm-82">
         <name>myADC1DataBuffer</name>
         <value>0xc400</value>
         <object_component_ref idref="oc-78"/>
      </symbol>
      <symbol id="sm-83">
         <name>myADC0DataBuffer</name>
         <value>0xc000</value>
         <object_component_ref idref="oc-78"/>
      </symbol>
      <symbol id="sm-84">
         <name>configureDMAChannels</name>
         <value>0x8769</value>
         <object_component_ref idref="oc-2f"/>
      </symbol>
      <symbol id="sm-85">
         <name>sampleWindow</name>
         <value>0xa988</value>
         <object_component_ref idref="oc-93"/>
      </symbol>
      <symbol id="sm-a3">
         <name>INTERRUPT_init</name>
         <value>0x841c</value>
         <object_component_ref idref="oc-29"/>
      </symbol>
      <symbol id="sm-a4">
         <name>PinMux_init</name>
         <value>0x8139</value>
         <object_component_ref idref="oc-29"/>
      </symbol>
      <symbol id="sm-a5">
         <name>Board_init</name>
         <value>0x812e</value>
         <object_component_ref idref="oc-29"/>
      </symbol>
      <symbol id="sm-a6">
         <name>ADC_init</name>
         <value>0x813a</value>
         <object_component_ref idref="oc-29"/>
      </symbol>
      <symbol id="sm-a7">
         <name>ASYSCTL_init</name>
         <value>0x8413</value>
         <object_component_ref idref="oc-29"/>
      </symbol>
      <symbol id="sm-ba">
         <name>Device_enableAllPeripherals</name>
         <value>0x8892</value>
         <object_component_ref idref="oc-66"/>
      </symbol>
      <symbol id="sm-bb">
         <name>Device_initGPIO</name>
         <value>0x8972</value>
         <object_component_ref idref="oc-66"/>
      </symbol>
      <symbol id="sm-bc">
         <name>Device_init</name>
         <value>0x8865</value>
         <object_component_ref idref="oc-66"/>
      </symbol>
      <symbol id="sm-bd">
         <name>__error__</name>
         <value>0x8982</value>
         <object_component_ref idref="oc-66"/>
      </symbol>
      <symbol id="sm-cc">
         <name>code_start</name>
         <value>0x0</value>
         <object_component_ref idref="oc-20"/>
      </symbol>
      <symbol id="sm-db">
         <name>ADC_setOffsetTrimAll</name>
         <value>0x8e63</value>
         <object_component_ref idref="oc-57"/>
      </symbol>
      <symbol id="sm-118">
         <name>DMA_configTransfer</name>
         <value>0x8de8</value>
         <object_component_ref idref="oc-87"/>
      </symbol>
      <symbol id="sm-119">
         <name>DMA_configAddresses</name>
         <value>0x8ed6</value>
         <object_component_ref idref="oc-7b"/>
      </symbol>
      <symbol id="sm-11a">
         <name>DMA_configBurst</name>
         <value>0x8efb</value>
         <object_component_ref idref="oc-81"/>
      </symbol>
      <symbol id="sm-11b">
         <name>DMA_configMode</name>
         <value>0x8b10</value>
         <object_component_ref idref="oc-8d"/>
      </symbol>
      <symbol id="sm-152">
         <name>GPIO_setPadConfig</name>
         <value>0x8c88</value>
         <object_component_ref idref="oc-cb"/>
      </symbol>
      <symbol id="sm-153">
         <name>GPIO_setAnalogMode</name>
         <value>0x8d17</value>
         <object_component_ref idref="oc-d7"/>
      </symbol>
      <symbol id="sm-154">
         <name>GPIO_setDirectionMode</name>
         <value>0x8d86</value>
         <object_component_ref idref="oc-d1"/>
      </symbol>
      <symbol id="sm-1a6">
         <name>Interrupt_initModule</name>
         <value>0x8cda</value>
         <object_component_ref idref="oc-6c"/>
      </symbol>
      <symbol id="sm-1a7">
         <name>Interrupt_enable</name>
         <value>0x8d52</value>
         <object_component_ref idref="oc-5e"/>
      </symbol>
      <symbol id="sm-1a8">
         <name>Interrupt_initVectorTable</name>
         <value>0x8f62</value>
         <object_component_ref idref="oc-72"/>
      </symbol>
      <symbol id="sm-2a5">
         <name>SysCtl_isPLLValid</name>
         <value>0x8a50</value>
         <object_component_ref idref="oc-137"/>
      </symbol>
      <symbol id="sm-2a6">
         <name>SysCtl_delay</name>
         <value>0x16a</value>
         <object_component_ref idref="oc-5d"/>
      </symbol>
      <symbol id="sm-2a7">
         <name>SysCtl_selectXTALSingleEnded</name>
         <value>0x8fba</value>
         <object_component_ref idref="oc-19a"/>
      </symbol>
      <symbol id="sm-2a8">
         <name>SysCtl_selectXTAL</name>
         <value>0x8f1f</value>
         <object_component_ref idref="oc-194"/>
      </symbol>
      <symbol id="sm-2a9">
         <name>SysCtl_selectOscSource</name>
         <value>0x8c2d</value>
         <object_component_ref idref="oc-131"/>
      </symbol>
      <symbol id="sm-2aa">
         <name>SysCtl_setClock</name>
         <value>0x8989</value>
         <object_component_ref idref="oc-c5"/>
      </symbol>
      <symbol id="sm-2b4">
         <name>_c_int00</name>
         <value>0x902e</value>
         <object_component_ref idref="oc-aa"/>
      </symbol>
      <symbol id="sm-2b5">
         <name>__stack</name>
         <value>0x400</value>
         <object_component_ref idref="oc-37"/>
      </symbol>
      <symbol id="sm-2c2">
         <name>_system_pre_init</name>
         <value>0x9145</value>
         <object_component_ref idref="oc-10e"/>
      </symbol>
      <symbol id="sm-2d1">
         <name>__TI_auto_init_nobinit_nopinit</name>
         <value>0x87d4</value>
         <object_component_ref idref="oc-159"/>
      </symbol>
      <symbol id="sm-2de">
         <name>__TI_zero_init</name>
         <value>0x913b</value>
         <object_component_ref idref="oc-48"/>
      </symbol>
      <symbol id="sm-2eb">
         <name>__TI_decompress_none</name>
         <value>0x911d</value>
         <object_component_ref idref="oc-19"/>
      </symbol>
      <symbol id="sm-2ff">
         <name>__TI_decompress_lzss</name>
         <value>0x8db7</value>
         <object_component_ref idref="oc-13"/>
      </symbol>
      <symbol id="sm-315">
         <name>C$$EXIT</name>
         <value>0x8e3a</value>
         <object_component_ref idref="oc-11b"/>
      </symbol>
      <symbol id="sm-316">
         <name>abort</name>
         <value>0x8e3a</value>
         <object_component_ref idref="oc-11b"/>
      </symbol>
      <symbol id="sm-317">
         <name>exit</name>
         <value>0x8e3c</value>
         <object_component_ref idref="oc-11b"/>
      </symbol>
      <symbol id="sm-318">
         <name>__TI_dtors_ptr</name>
         <value>0xa984</value>
         <object_component_ref idref="oc-18b"/>
      </symbol>
      <symbol id="sm-319">
         <name>__TI_cleanup_ptr</name>
         <value>0xa982</value>
         <object_component_ref idref="oc-18b"/>
      </symbol>
      <symbol id="sm-31a">
         <name>__TI_enable_exit_profile_output</name>
         <value>0xa980</value>
         <object_component_ref idref="oc-18b"/>
      </symbol>
      <symbol id="sm-331">
         <name>_nop</name>
         <value>0x911c</value>
         <object_component_ref idref="oc-214"/>
      </symbol>
      <symbol id="sm-332">
         <name>_lock</name>
         <value>0xa97e</value>
         <object_component_ref idref="oc-18e"/>
      </symbol>
      <symbol id="sm-333">
         <name>_unlock</name>
         <value>0xa986</value>
         <object_component_ref idref="oc-248"/>
      </symbol>
      <symbol id="sm-334">
         <name>_register_lock</name>
         <value>0x9118</value>
         <object_component_ref idref="oc-214"/>
      </symbol>
      <symbol id="sm-335">
         <name>_register_unlock</name>
         <value>0x9114</value>
         <object_component_ref idref="oc-214"/>
      </symbol>
      <symbol id="sm-344">
         <name>_args_main</name>
         <value>0x90fd</value>
         <object_component_ref idref="oc-115"/>
      </symbol>
      <symbol id="sm-353">
         <name>memset</name>
         <value>0x9134</value>
         <object_component_ref idref="oc-a3"/>
      </symbol>
      <symbol id="sm-366">
         <name>memcpy</name>
         <value>0x8f9d</value>
         <object_component_ref idref="oc-3a"/>
      </symbol>
      <symbol id="sm-373">
         <name>_system_post_cinit</name>
         <value>0x87ff</value>
         <object_component_ref idref="oc-1fa"/>
      </symbol>
      <symbol id="sm-375">
         <name>__c_args__</name>
         <value>0x0</value>
      </symbol>
   </symbol_table>
   <title>Link successful</title>
</link_info>
