******************************************************************************
             TMS320C2000 Linker PC v21.6.0                     
******************************************************************************
>> Linked Fri Nov  5 11:19:37 2021

OUTPUT FILE NAME:   <adc_ex6_soc_continuous_dma.out>
ENTRY POINT SYMBOL: "code_start"  address: 00000000


MEMORY CONFIGURATION

         name            origin    length      used     unused   attr    fill
----------------------  --------  ---------  --------  --------  ----  --------
PAGE 0:
  BEGIN                 00000000   00000002  00000002  00000000  RWIX
  RAMM0                 000000f6   0000030a  000000a0  0000026a  RWIX
  RAMLS0                00008000   00000800  00000800  00000000  RWIX
  RAMLS1                00008800   00000800  000007ff  00000001  RWIX
  RAMLS2                00009000   00000800  00000147  000006b9  RWIX
  RAMLS3                00009800   00000800  00000000  00000800  RWIX
  RAMLS4                0000a000   00000800  00000000  00000800  RWIX
  FLASH_BANK0_SEC0      00080000   00001000  00000000  00001000  RWIX
  FLASH_BANK0_SEC1      00081000   00001000  00000000  00001000  RWIX
  FLASH_BANK0_SEC2      00082000   00001000  00000000  00001000  RWIX
  FLASH_BANK0_SEC3      00083000   00001000  00000000  00001000  RWIX
  FLASH_BANK0_SEC4      00084000   00001000  00000000  00001000  RWIX
  FLASH_BANK0_SEC5      00085000   00001000  00000000  00001000  RWIX
  FLASH_BANK0_SEC6      00086000   00001000  00000000  00001000  RWIX
  FLASH_BANK0_SEC7      00087000   00001000  00000000  00001000  RWIX
  FLASH_BANK0_SEC8      00088000   00001000  00000000  00001000  RWIX
  FLASH_BANK0_SEC9      00089000   00001000  00000000  00001000  RWIX
  FLASH_BANK0_SEC10     0008a000   00001000  00000000  00001000  RWIX
  FLASH_BANK0_SEC11     0008b000   00001000  00000000  00001000  RWIX
  FLASH_BANK0_SEC12     0008c000   00001000  00000000  00001000  RWIX
  FLASH_BANK0_SEC13     0008d000   00001000  00000000  00001000  RWIX
  FLASH_BANK0_SEC14     0008e000   00001000  00000000  00001000  RWIX
  FLASH_BANK0_SEC15     0008f000   00001000  00000000  00001000  RWIX
  FLASH_BANK1_SEC0      00090000   00001000  00000000  00001000  RWIX
  FLASH_BANK1_SEC1      00091000   00001000  00000000  00001000  RWIX
  FLASH_BANK1_SEC2      00092000   00001000  00000000  00001000  RWIX
  FLASH_BANK1_SEC3      00093000   00001000  00000000  00001000  RWIX
  FLASH_BANK1_SEC4      00094000   00001000  00000000  00001000  RWIX
  FLASH_BANK1_SEC5      00095000   00001000  00000000  00001000  RWIX
  FLASH_BANK1_SEC6      00096000   00001000  00000000  00001000  RWIX
  FLASH_BANK1_SEC7      00097000   00001000  00000000  00001000  RWIX
  FLASH_BANK1_SEC8      00098000   00001000  00000000  00001000  RWIX
  FLASH_BANK1_SEC9      00099000   00001000  00000000  00001000  RWIX
  FLASH_BANK1_SEC10     0009a000   00001000  00000000  00001000  RWIX
  FLASH_BANK1_SEC11     0009b000   00001000  00000000  00001000  RWIX
  FLASH_BANK1_SEC12     0009c000   00001000  00000000  00001000  RWIX
  FLASH_BANK1_SEC13     0009d000   00001000  00000000  00001000  RWIX
  FLASH_BANK1_SEC14     0009e000   00001000  00000000  00001000  RWIX
  FLASH_BANK1_SEC15     0009f000   00001000  00000000  00001000  RWIX
  RESET                 003fffc0   00000002  00000000  00000002  RWIX

PAGE 1:
  BOOT_RSVD             00000002   000000f1  00000000  000000f1  RWIX
  RAMM1                 00000400   000003f8  000003f8  00000000  RWIX
  RAMLS5                0000a800   00000800  0000018a  00000676  RWIX
  RAMLS6                0000b000   00000800  00000000  00000800  RWIX
  RAMLS7                0000b800   00000800  00000000  00000800  RWIX
  RAMGS0                0000c000   00002000  00000800  00001800  RWIX
  RAMGS1                0000e000   00002000  00000000  00002000  RWIX
  RAMGS2                00010000   00002000  00000000  00002000  RWIX
  RAMGS3                00012000   00001ff8  00000000  00001ff8  RWIX


SECTION ALLOCATION MAP

 output                                  attributes/
section   page    origin      length       input sections
--------  ----  ----------  ----------   ----------------
codestart 
*          0    00000000    00000002     
                  00000000    00000002     f28004x_codestartbranch.obj (codestart)

.TI.ramfunc 
*          0    000000f6    00000078     
                  000000f6    00000074     adc_ex6_soc_continuous_dma.obj (.TI.ramfunc:retain)
                  0000016a    00000004     driverlib_eabi.lib : sysctl.obj (.TI.ramfunc)

.cinit     0    00000170    00000028     
                  00000170    0000000b     (.cinit..data.load) [load image, compression = lzss]
                  0000017b    00000001     --HOLE-- [fill = 0]
                  0000017c    00000006     (__TI_handler_table)
                  00000182    00000004     (.cinit..bss.load) [load image, compression = zero_init]
                  00000186    00000004     (.cinit.ramgs0.load) [load image, compression = zero_init]
                  0000018a    00000002     --HOLE-- [fill = 0]
                  0000018c    0000000c     (__TI_cinit_table)

.reset     0    003fffc0    00000000     DSECT

.stack     1    00000400    000003f8     UNINITIALIZED
                  00000400    000003f8     --HOLE--

.bss       1    0000a97d    00000001     UNINITIALIZED
                  0000a97d    00000001     adc_ex6_soc_continuous_dma.obj (.bss)

.init_array 
*          0    000000f6    00000000     UNINITIALIZED

.const     1    0000a800    0000017d     
                  0000a800    0000009a     driverlib_eabi.lib : sysctl.obj (.const:.string)
                  0000a89a    00000098                        : gpio.obj (.const:.string)
                  0000a932    0000004b                        : dma.obj (.const:.string)

.data      1    0000a97e    0000000c     UNINITIALIZED
                  0000a97e    00000002     rts2800_fpu32_eabi.lib : _lock.c.obj (.data:_lock)
                  0000a980    00000006                            : exit.c.obj (.data)
                  0000a986    00000002                            : _lock.c.obj (.data:_unlock)
                  0000a988    00000002     adc_ex6_soc_continuous_dma.obj (.data)

ramgs0     1    0000c000    00000800     UNINITIALIZED
                  0000c000    00000800     adc_ex6_soc_continuous_dma.obj (ramgs0)

.text.1    0    00008000    00000800     
                  00008000    00000429     board.obj (.text)
                  00008429    000003ab     adc_ex6_soc_continuous_dma.obj (.text)
                  000087d4    0000002b     rts2800_fpu32_eabi.lib : autoinit.c.obj (.text:__TI_auto_init_nobinit_nopinit)
                  000087ff    00000001                            : startup.c.obj (.text)

.text.2    0    00008800    000007ff     
                  00008800    00000189     device.obj (.text)
                  00008989    000000c7     driverlib_eabi.lib : sysctl.obj (.text:SysCtl_setClock)
                  00008a50    000000c0                        : sysctl.obj (.text:SysCtl_isPLLValid)
                  00008b10    000000a3                        : dma.obj (.text:DMA_configMode)
                  00008bb3    0000007a                        : sysctl.obj (.text:DCC_setCounterSeeds)
                  00008c2d    0000005b                        : sysctl.obj (.text:SysCtl_selectOscSource)
                  00008c88    00000052                        : gpio.obj (.text:GPIO_setPadConfig)
                  00008cda    0000003d                        : interrupt.obj (.text:Interrupt_initModule)
                  00008d17    0000003b                        : gpio.obj (.text:GPIO_setAnalogMode)
                  00008d52    00000034                        : interrupt.obj (.text:Interrupt_enable)
                  00008d86    00000031                        : gpio.obj (.text:GPIO_setDirectionMode)
                  00008db7    00000031     rts2800_fpu32_eabi.lib : copy_decompress_lzss.c.obj (.text:decompress:lzss)
                  00008de8    00000029     driverlib_eabi.lib : dma.obj (.text:DMA_configTransfer)
                  00008e11    00000029                        : dma.obj (.text:DMA_isBaseValid)
                  00008e3a    00000029     rts2800_fpu32_eabi.lib : exit.c.obj (.text)
                  00008e63    00000028     driverlib_eabi.lib : adc.obj (.text:ADC_setOffsetTrimAll)
                  00008e8b    00000026                        : sysctl.obj (.text:SysCtl_pollX1Counter)
                  00008eb1    00000025                        : sysctl.obj (.text:DCC_enableSingleShotMode)
                  00008ed6    00000025                        : dma.obj (.text:DMA_configAddresses)
                  00008efb    00000024                        : dma.obj (.text:DMA_configBurst)
                  00008f1f    00000024                        : sysctl.obj (.text:SysCtl_selectXTAL)
                  00008f43    0000001f                        : sysctl.obj (.text:DCC_setCounter1ClkSource)
                  00008f62    0000001e                        : interrupt.obj (.text:Interrupt_initVectorTable)
                  00008f80    0000001d                        : sysctl.obj (.text:DCC_setCounter0ClkSource)
                  00008f9d    0000001d     rts2800_fpu32_eabi.lib : memcpy.c.obj (.text)
                  00008fba    0000001a     driverlib_eabi.lib : sysctl.obj (.text:SysCtl_selectXTALSingleEnded)
                  00008fd4    00000017                        : sysctl.obj (.text:DCC_disableDoneSignal)
                  00008feb    00000014                        : sysctl.obj (.text:DCC_disableModule)

.text.3    0    00009000    00000147     
                  00009000    00000017     driverlib_eabi.lib : sysctl.obj (.text:DCC_enableDoneSignal)
                  00009017    00000017                        : sysctl.obj (.text:SysCtl_enablePeripheral)
                  0000902e    00000017     rts2800_fpu32_eabi.lib : boot28.asm.obj (.text)
                  00009045    00000016     driverlib_eabi.lib : sysctl.obj (.text:DCC_clearDoneFlag)
                  0000905b    00000016                        : sysctl.obj (.text:DCC_clearErrorFlag)
                  00009071    00000016                        : sysctl.obj (.text:DCC_disableErrorSignal)
                  00009087    00000016                        : sysctl.obj (.text:DCC_enableErrorSignal)
                  0000909d    00000014                        : sysctl.obj (.text:DCC_enableModule)
                  000090b1    00000014                        : gpio.obj (.text:GPIO_isPinValid)
                  000090c5    00000010                        : sysctl.obj (.text:DCC_isBaseValid)
                  000090d5    0000000e                        : interrupt.obj (.text:Interrupt_defaultHandler)
                  000090e3    0000000d                        : interrupt.obj (.text:Interrupt_disableMaster)
                  000090f0    0000000d                        : interrupt.obj (.text:Interrupt_enableMaster)
                  000090fd    0000000c     rts2800_fpu32_eabi.lib : args_main.c.obj (.text)
                  00009109    0000000b     driverlib_eabi.lib : sysctl.obj (.text:SysCtl_isMCDClockFailureDetected)
                  00009114    00000009     rts2800_fpu32_eabi.lib : _lock.c.obj (.text)
                  0000911d    00000008                            : copy_decompress_none.c.obj (.text:decompress:none)
                  00009125    00000008     f28004x_codestartbranch.obj (.text)
                  0000912d    00000007     driverlib_eabi.lib : sysctl.obj (.text:SysCtl_resetMCD)
                  00009134    00000007     rts2800_fpu32_eabi.lib : memset.c.obj (.text)
                  0000913b    00000006                            : copy_zero_init.c.obj (.text:decompress:ZI)
                  00009141    00000002     driverlib_eabi.lib : interrupt.obj (.text:Interrupt_illegalOperationHandler)
                  00009143    00000002                        : interrupt.obj (.text:Interrupt_nmiHandler)
                  00009145    00000002     rts2800_fpu32_eabi.lib : pre_init.c.obj (.text)

MODULE SUMMARY

       Module                           code   ro data   rw data
       ------                           ----   -------   -------
    .\
       adc_ex6_soc_continuous_dma.obj   1055   0         2051   
    +--+--------------------------------+------+---------+---------+
       Total:                           1055   0         2051   
                                                                
    .\device\
       device.obj                       393    0         0      
       f28004x_codestartbranch.obj      10     0         0      
    +--+--------------------------------+------+---------+---------+
       Total:                           403    0         0      
                                                                
    .\syscfg\
       board.obj                        1065   0         0      
    +--+--------------------------------+------+---------+---------+
       Total:                           1065   0         0      
                                                                
    D:\C2000_WAVE\C2000Ware_4_00_00_00\driverlib\f28004x\driverlib\ccs\Debug\driverlib_eabi.lib
       sysctl.obj                       1036   154       0      
       dma.obj                          318    75        0      
       gpio.obj                         210    152       0      
       interrupt.obj                    187    0         0      
       adc.obj                          40     0         0      
    +--+--------------------------------+------+---------+---------+
       Total:                           1791   381       0      
                                                                
    D:\CCS\ccs\tools\compiler\ti-cgt-c2000_21.6.0.LTS\lib\rts2800_fpu32_eabi.lib
       copy_decompress_lzss.c.obj       49     0         0      
       exit.c.obj                       41     0         6      
       autoinit.c.obj                   43     0         0      
       memcpy.c.obj                     29     0         0      
       boot28.asm.obj                   23     0         0      
       _lock.c.obj                      9      0         4      
       args_main.c.obj                  12     0         0      
       copy_decompress_none.c.obj       8      0         0      
       memset.c.obj                     7      0         0      
       copy_zero_init.c.obj             6      0         0      
       pre_init.c.obj                   2      0         0      
       startup.c.obj                    1      0         0      
    +--+--------------------------------+------+---------+---------+
       Total:                           230    0         10     
                                                                
       Stack:                           0      0         1016   
       Linker Generated:                0      37        0      
    +--+--------------------------------+------+---------+---------+
       Grand Total:                     4544   418       3077   


LINKER GENERATED COPY TABLES

__TI_cinit_table @ 0000018c records: 3, size/record: 4, table size: 12
	.data: load addr=00000170, load size=0000000b bytes, run addr=0000a97e, run size=0000000c bytes, compression=lzss
	.bss: load addr=00000182, load size=00000004 bytes, run addr=0000a97d, run size=00000001 bytes, compression=zero_init
	ramgs0: load addr=00000186, load size=00000004 bytes, run addr=0000c000, run size=00000800 bytes, compression=zero_init


LINKER GENERATED HANDLER TABLE

__TI_handler_table @ 0000017c records: 3, size/record: 2, table size: 6
	index: 0, handler: __TI_zero_init
	index: 1, handler: __TI_decompress_lzss
	index: 2, handler: __TI_decompress_none


GLOBAL DATA SYMBOLS: SORTED BY DATA PAGE

address     data page           name
--------    ----------------    ----
00000400      10 (00000400)     __stack

0000a97d     2a5 (0000a940)     done
0000a97e     2a5 (0000a940)     _lock

0000a980     2a6 (0000a980)     __TI_enable_exit_profile_output
0000a982     2a6 (0000a980)     __TI_cleanup_ptr
0000a984     2a6 (0000a980)     __TI_dtors_ptr
0000a986     2a6 (0000a980)     _unlock
0000a988     2a6 (0000a980)     sampleWindow

0000c000     300 (0000c000)     myADC0DataBuffer

0000c400     310 (0000c400)     myADC1DataBuffer


GLOBAL SYMBOLS: SORTED ALPHABETICALLY BY Name 

page  address   name                           
----  -------   ----                           
0     0000813a  ADC_init                       
0     00008e63  ADC_setOffsetTrimAll           
0     00008413  ASYSCTL_init                   
0     0000812e  Board_init                     
0     00008e3a  C$$EXIT                        
0     00008ed6  DMA_configAddresses            
0     00008efb  DMA_configBurst                
0     00008b10  DMA_configMode                 
0     00008de8  DMA_configTransfer             
0     00008892  Device_enableAllPeripherals    
0     00008865  Device_init                    
0     00008972  Device_initGPIO                
0     00008d17  GPIO_setAnalogMode             
0     00008d86  GPIO_setDirectionMode          
0     00008c88  GPIO_setPadConfig              
0     0000841c  INTERRUPT_init                 
0     00008d52  Interrupt_enable               
0     00008cda  Interrupt_initModule           
0     00008f62  Interrupt_initVectorTable      
0     00008139  PinMux_init                    
0     0000016a  SysCtl_delay                   
0     00008a50  SysCtl_isPLLValid              
0     00008c2d  SysCtl_selectOscSource         
0     00008f1f  SysCtl_selectXTAL              
0     00008fba  SysCtl_selectXTALSingleEnded   
0     00008989  SysCtl_setClock                
0     0000018c  __TI_CINIT_Base                
0     00000198  __TI_CINIT_Limit               
0     00000198  __TI_CINIT_Warm                
0     0000017c  __TI_Handler_Table_Base        
0     00000182  __TI_Handler_Table_Limit       
1     000007f8  __TI_STACK_END                 
abs   000003f8  __TI_STACK_SIZE                
0     000087d4  __TI_auto_init_nobinit_nopinit 
1     0000a982  __TI_cleanup_ptr               
0     00008db7  __TI_decompress_lzss           
0     0000911d  __TI_decompress_none           
1     0000a984  __TI_dtors_ptr                 
1     0000a980  __TI_enable_exit_profile_output
abs   ffffffff  __TI_pprof_out_hndl            
abs   ffffffff  __TI_prof_data_size            
abs   ffffffff  __TI_prof_data_start           
0     0000913b  __TI_zero_init                 
n/a   UNDEFED   __c_args__                     
0     00008982  __error__                      
1     00000400  __stack                        
0     000090fd  _args_main                     
0     0000902e  _c_int00                       
1     0000a97e  _lock                          
0     0000911c  _nop                           
0     00009118  _register_lock                 
0     00009114  _register_unlock               
0     000087ff  _system_post_cinit             
0     00009145  _system_pre_init               
1     0000a986  _unlock                        
0     00008e3a  abort                          
0     000000f6  adcA1ISR                       
0     00000000  code_start                     
0     00008769  configureDMAChannels           
0     00008737  configureEPWM                  
0     0000012a  dmach1ISR                      
1     0000a97d  done                           
0     00008e3c  exit                           
0     00008763  initializeDMA                  
0     0000864d  main                           
0     00008f9d  memcpy                         
0     00009134  memset                         
1     0000c000  myADC0DataBuffer               
1     0000c400  myADC1DataBuffer               
1     0000a988  sampleWindow                   


GLOBAL SYMBOLS: SORTED BY Symbol Address 

page  address   name                           
----  -------   ----                           
0     00000000  code_start                     
0     000000f6  adcA1ISR                       
0     0000012a  dmach1ISR                      
0     0000016a  SysCtl_delay                   
0     0000017c  __TI_Handler_Table_Base        
0     00000182  __TI_Handler_Table_Limit       
0     0000018c  __TI_CINIT_Base                
0     00000198  __TI_CINIT_Limit               
0     00000198  __TI_CINIT_Warm                
0     0000812e  Board_init                     
0     00008139  PinMux_init                    
0     0000813a  ADC_init                       
0     00008413  ASYSCTL_init                   
0     0000841c  INTERRUPT_init                 
0     0000864d  main                           
0     00008737  configureEPWM                  
0     00008763  initializeDMA                  
0     00008769  configureDMAChannels           
0     000087d4  __TI_auto_init_nobinit_nopinit 
0     000087ff  _system_post_cinit             
0     00008865  Device_init                    
0     00008892  Device_enableAllPeripherals    
0     00008972  Device_initGPIO                
0     00008982  __error__                      
0     00008989  SysCtl_setClock                
0     00008a50  SysCtl_isPLLValid              
0     00008b10  DMA_configMode                 
0     00008c2d  SysCtl_selectOscSource         
0     00008c88  GPIO_setPadConfig              
0     00008cda  Interrupt_initModule           
0     00008d17  GPIO_setAnalogMode             
0     00008d52  Interrupt_enable               
0     00008d86  GPIO_setDirectionMode          
0     00008db7  __TI_decompress_lzss           
0     00008de8  DMA_configTransfer             
0     00008e3a  C$$EXIT                        
0     00008e3a  abort                          
0     00008e3c  exit                           
0     00008e63  ADC_setOffsetTrimAll           
0     00008ed6  DMA_configAddresses            
0     00008efb  DMA_configBurst                
0     00008f1f  SysCtl_selectXTAL              
0     00008f62  Interrupt_initVectorTable      
0     00008f9d  memcpy                         
0     00008fba  SysCtl_selectXTALSingleEnded   
0     0000902e  _c_int00                       
0     000090fd  _args_main                     
0     00009114  _register_unlock               
0     00009118  _register_lock                 
0     0000911c  _nop                           
0     0000911d  __TI_decompress_none           
0     00009134  memset                         
0     0000913b  __TI_zero_init                 
0     00009145  _system_pre_init               
1     00000400  __stack                        
1     000007f8  __TI_STACK_END                 
1     0000a97d  done                           
1     0000a97e  _lock                          
1     0000a980  __TI_enable_exit_profile_output
1     0000a982  __TI_cleanup_ptr               
1     0000a984  __TI_dtors_ptr                 
1     0000a986  _unlock                        
1     0000a988  sampleWindow                   
1     0000c000  myADC0DataBuffer               
1     0000c400  myADC1DataBuffer               
abs   000003f8  __TI_STACK_SIZE                
abs   ffffffff  __TI_pprof_out_hndl            
abs   ffffffff  __TI_prof_data_size            
abs   ffffffff  __TI_prof_data_start           
n/a   UNDEFED   __c_args__                     

[70 symbols]
