******************************************************************************
                  TI ARM Linker PC v20.2.5                     
******************************************************************************
>> Linked Sat Nov  6 10:48:07 2021

OUTPUT FILE NAME:   <cmsis_msp432e4_dsp_example_MSP_EXP432E401Y_nortos_ccs.out>
ENTRY POINT SYMBOL: "_c_int00_noargs"  address: 000064c9


MEMORY CONFIGURATION

         name            origin    length      used     unused   attr    fill
----------------------  --------  ---------  --------  --------  ----  --------
  FLASH                 00000000   00100000  00009968  000f6698  R  X
  SRAM                  20000000   00040000  0000ae30  000351d0  RW X


SEGMENT ALLOCATION MAP

run origin  load origin   length   init length attrs members
----------  ----------- ---------- ----------- ----- -------
00000000    00000000    00009970   00009970    r-x
  00000000    00000000    00000208   00000208    r-- .intvecs
  00000208    00000208    0000646c   0000646c    r-x .text
  00006678    00006678    000032bc   000032bc    r-- .const
  00009938    00009938    00000038   00000038    r-- .cinit
20000000    20000000    0000ae30   00000000    rw-
  20000000    20000000    00008418   00000000    rw- .bss
  20008418    20008418    00002018   00000000    rw- .data
  2000a430    2000a430    00000800   00000000    rw- .sysmem
  2000ac30    2000ac30    00000200   00000000    rw- .stack


SECTION ALLOCATION MAP

 output                                  attributes/
section   page    origin      length       input sections
--------  ----  ----------  ----------   ----------------
.intvecs   0    00000000    00000208     
                  00000000    00000208     startup_msp432e401y_ccs.obj (.intvecs:retain)

.text      0    00000208    0000646c     
                  00000208    00000f08     arm_cortexM4lf_math.a : arm_cfft_radix8_f32.o (.text:arm_radix8_butterfly_f32)
                  00001110    00000a70                           : arm_cfft_f32.o (.text:arm_cfft_radix8by4_f32)
                  00001b80    00000a4e     rtsv7M4_T_le_v4SPD16_eabi.lib : _printfi.c.obj (.text:__TI_printfi)
                  000025ce    00000002     startup_msp432e401y_ccs.obj (.text:Default_Handler)
                  000025d0    00000738     rtsv7M4_T_le_v4SPD16_eabi.lib : k_rem_pio2.c.obj (.text:__kernel_rem_pio2)
                  00002d08    000006a8     cmsis_msp432e4_dsp_example.obj (.text:main)
                  000033b0    000005dc     rtsv7M4_T_le_v4SPD16_eabi.lib : s_cos.c.obj (.text:cos)
                  0000398c    00000402     arm_cortexM4lf_math.a : arm_cfft_f32.o (.text:arm_cfft_radix8by2_f32)
                  00003d8e    00000002     rtsv7M4_T_le_v4SPD16_eabi.lib : div0.asm.obj (.text)
                  00003d90    0000030c     uartstdio.obj (.text:UARTvprintf)
                  0000409c    000002e0     msp432e4_driverlib.a : sysctl.o (.text:SysCtlClockFreqSet)
                  0000437c    00000270     rtsv7M4_T_le_v4SPD16_eabi.lib : _printfi.c.obj (.text:_pconv_a)
                  000045ec    000001d0                                   : _printfi.c.obj (.text:_pconv_g)
                  000047bc    000001b6                                   : fd_add_t2.asm.obj (.text)
                  00004972    00000002     --HOLE-- [fill = 0]
                  00004974    00000180     Calculate.obj (.text:get_window)
                  00004af4    00000174     rtsv7M4_T_le_v4SPD16_eabi.lib : k_sin.c.obj (.text:__kernel_sin)
                  00004c68    00000170                                   : k_cos.c.obj (.text:__kernel_cos)
                  00004dd8    00000158                                   : e_sqrt.c.obj (.text:sqrt)
                  00004f30    0000013c                                   : _printfi.c.obj (.text:_pconv_e)
                  0000506c    0000013a     arm_cortexM4lf_math.a : arm_cfft_f32.o (.text:arm_cfft_f32)
                  000051a6    00000136     rtsv7M4_T_le_v4SPD16_eabi.lib : fd_div_t2.asm.obj (.text)
                  000052dc    00000124                                   : _printfi.c.obj (.text:fcvt)
                  00005400    00000110                                   : s_scalbn.c.obj (.text:scalbn)
                  00005510    000000fc                                   : fd_mul_t2.asm.obj (.text)
                  0000560c    000000f8                                   : s_floor.c.obj (.text:floor)
                  00005704    000000ee     msp432e4_driverlib.a : adc.o (.text:ADCSequenceStepConfigure)
                  000057f2    000000c0     arm_cortexM4lf_math.a : arm_bitreversal2.o (.text)
                  000058b2    00000002     --HOLE-- [fill = 0]
                  000058b4    000000b4     cmsis_msp432e4_dsp_example.obj (.text:ADC0SS2_IRQHandler)
                  00005968    000000b1     rtsv7M4_T_le_v4SPD16_eabi.lib : _printfi.c.obj (.text:_ltostr)
                  00005a19    00000001     --HOLE-- [fill = 0]
                  00005a1a    0000009c                                   : memcpy_t2.asm.obj (.text)
                  00005ab6    00000096                                   : ull_div_t2.asm.obj (.text)
                  00005b4c    00000090     msp432e4_driverlib.a : sysctl.o (.text:_SysCtlFrequencyGet)
                  00005bdc    00000086     rtsv7M4_T_le_v4SPD16_eabi.lib : fd_cmp_t2.asm.obj (.text:__aeabi_cdcmple)
                  00005c62    00000086                                   : fd_cmp_t2.asm.obj (.text:__aeabi_cdrcmple)
                  00005ce8    0000007a                                   : memset_t2.asm.obj (.text)
                  00005d62    00000002     --HOLE-- [fill = 0]
                  00005d64    00000074     uartstdio.obj (.text:UARTStdioConfig)
                  00005dd8    00000074     arm_cortexM4lf_math.a : arm_max_f32.o (.text:arm_max_f32)
                  00005e4c    0000006e     rtsv7M4_T_le_v4SPD16_eabi.lib : _printfi.c.obj (.text:_mcpy)
                  00005eba    0000006e                                   : fd_tos_t2.asm.obj (.text)
                  00005f28    00000068     cmsis_msp432e4_dsp_example.obj (.text:ConfigureUART)
                  00005f90    00000068     rtsv7M4_T_le_v4SPD16_eabi.lib : copy_decompress_lzss.c.obj (.text:decompress:lzss:__TI_decompress_lzss)
                  00005ff8    00000066     arm_cortexM4lf_math.a : arm_cmplx_mag_f32.o (.text:arm_cmplx_mag_f32)
                  0000605e    00000002     --HOLE-- [fill = 0]
                  00006060    00000064     rtsv7M4_T_le_v4SPD16_eabi.lib : s_frexp.c.obj (.text:frexp)
                  000060c4    00000060     msp432e4_driverlib.a : timer.o (.text:TimerControlTrigger)
                  00006124    0000005c     uartstdio.obj (.text:UARTwrite)
                  00006180    00000056     rtsv7M4_T_le_v4SPD16_eabi.lib : _printfi.c.obj (.text:_pconv_f)
                  000061d6    00000054                                   : _ltoa.c.obj (.text:__TI_ltoa)
                  0000622a    00000052                                   : _printfi.c.obj (.text:_ecpy)
                  0000627c    0000004c                                   : atoi.c.obj (.text:atoi)
                  000062c8    00000048                                   : fd_toi_t2.asm.obj (.text)
                  00006310    00000044     msp432e4_driverlib.a : sysctl.o (.text:_SysCtlMemTimingGet)
                  00006354    00000044     rtsv7M4_T_le_v4SPD16_eabi.lib : autoinit.c.obj (.text:__TI_auto_init_nobinit_nopinit:__TI_auto_init_nobinit_nopinit)
                  00006398    00000040                                   : u_divt2.asm.obj (.text)
                  000063d8    00000040                                   : sprintf.c.obj (.text:sprintf)
                  00006418    0000003e                                   : _printfi.c.obj (.text:_fcpy)
                  00006456    00000002     --HOLE-- [fill = 0]
                  00006458    00000038     arm_cortexM4lf_math.a : arm_cmplx_mag_f32.o (.text:arm_sqrt_f32)
                  00006490    00000038     rtsv7M4_T_le_v4SPD16_eabi.lib : fs_tod_t2.asm.obj (.text)
                  000064c8    00000034                                   : boot_cortex_m.c.obj (.text:_c_int00_noargs:_c_int00_noargs)
                  000064fc    0000002e                                   : i_tofd_t2.asm.obj (.text)
                  0000652a    00000002     --HOLE-- [fill = 0]
                  0000652c    00000028                                   : e_sqrtf.c.obj (.text:sqrtf)
                  00006554    00000024     uartstdio.obj (.text:UARTprintf)
                  00006578    00000020     system_msp432e401y.obj (.text:SystemInit)
                  00006598    0000001c     rtsv7M4_T_le_v4SPD16_eabi.lib : memccpy.c.obj (.text:memccpy)
                  000065b4    0000001a                                   : s_copysign.c.obj (.text:copysign)
                  000065ce    00000018                                   : sprintf.c.obj (.text:_outs)
                  000065e6    00000016                                   : strchr.c.obj (.text:strchr)
                  000065fc    00000014                                   : strlen.c.obj (.text:strlen)
                  00006610    00000012     msp432e4_driverlib.a : adc.o (.text:ADCIntClearEx)
                  00006622    00000012     rtsv7M4_T_le_v4SPD16_eabi.lib : wcslen.c.obj (.text:wcslen)
                  00006634    0000000e                                   : copy_decompress_none.c.obj (.text:decompress:none:__TI_decompress_none)
                  00006642    0000000c     startup_msp432e401y_ccs.obj (.text:Reset_Handler)
                  0000664e    0000000c     rtsv7M4_T_le_v4SPD16_eabi.lib : copy_zero_init.c.obj (.text:decompress:ZI:__TI_zero_init)
                  0000665a    0000000a                                   : sprintf.c.obj (.text:_outc)
                  00006664    00000008                                   : errno.c.obj (.text:__aeabi_errno_addr)
                  0000666c    00000004                                   : pre_init.c.obj (.text:_system_pre_init)
                  00006670    00000004                                   : exit.c.obj (.text:abort:abort)

.const     0    00006678    000032bc     
                  00006678    00002000     arm_cortexM4lf_math.a : arm_common_tables.o (.const:twiddleCoef_1024)
                  00008678    00000e10                           : arm_common_tables.o (.const:armBitRevIndexTable1024)
                  00009488    000001b0     msp432e4_driverlib.a : sysctl.o (.const:g_pppui32XTALtoVCO)
                  00009638    00000158     rtsv7M4_T_le_v4SPD16_eabi.lib : k_rem_pio2.c.obj (.const:$O1$$)
                  00009790    00000101                                   : ctype.c.obj (.const:.string:_ctypes_)
                  00009891    00000003     --HOLE-- [fill = 0]
                  00009894    00000030     msp432e4_driverlib.a : sysctl.o (.const:g_sXTALtoMEMTIM)
                  000098c4    00000028                          : sysctl.o (.const:g_pui32Xtals)
                  000098ec    00000012     uartstdio.obj (.const:.string)
                  000098fe    00000002     --HOLE-- [fill = 0]
                  00009900    00000010     arm_cortexM4lf_math.a : arm_const_structs.o (.const:arm_cfft_sR_f32_len1024)
                  00009910    0000000c     uartstdio.obj (.const:g_ui32UARTBase)
                  0000991c    0000000c     uartstdio.obj (.const:g_ui32UARTPeriph)
                  00009928    00000008     msp432e4_driverlib.a : sysctl.o (.const:g_pui32VCOFrequencies)
                  00009930    00000004     uartstdio.obj (.const)

.cinit     0    00009938    00000038     
                  00009938    00000013     (.cinit..data.load) [load image, compression = lzss]
                  0000994b    00000001     --HOLE-- [fill = 0]
                  0000994c    0000000c     (__TI_handler_table)
                  00009958    00000008     (.cinit..bss.load) [load image, compression = zero_init]
                  00009960    00000010     (__TI_cinit_table)

.init_array 
*          0    00000000    00000000     UNINITIALIZED

.bss       0    20000000    00008418     UNINITIALIZED
                  20000000    00002000     (.common:temp_fftvout)
                  20002000    00001000     cmsis_msp432e4_dsp_example.obj (.bss:dstBufferA)
                  20003000    00001000     cmsis_msp432e4_dsp_example.obj (.bss:dstBufferB)
                  20004000    00001000     (.common:fft_winout_sampling)
                  20005000    00001000     (.common:fftfout)
                  20006000    00001000     (.common:fftvout)
                  20007000    00001000     (.common:fftwin)
                  20008000    00000400     (.common:pui8ControlTable)
                  20008400    00000004     (.common:button_value)
                  20008404    00000004     (.common:fft_DC)
                  20008408    00000004     (.common:fft_THD)
                  2000840c    00000004     (.common:voutmax)
                  20008410    00000004     (.common:voutmax_fre)
                  20008414    00000004     (.common:voutmax_index)

.data      0    20008418    00002018     UNINITIALIZED
                  20008418    00002000     cmsis_msp432e4_dsp_example.obj (.data:float_sampling_buf)
                  2000a418    00000008     cmsis_msp432e4_dsp_example.obj (.data)
                  2000a420    00000005     uartstdio.obj (.data)
                  2000a425    00000003     --HOLE--
                  2000a428    00000004     rtsv7M4_T_le_v4SPD16_eabi.lib : errno.c.obj (.data)
                  2000a42c    00000004     system_msp432e401y.obj (.data)

.sysmem    0    2000a430    00000800     UNINITIALIZED
                  2000a430    00000010     rtsv7M4_T_le_v4SPD16_eabi.lib : memory.c.obj (.sysmem)
                  2000a440    000007f0     --HOLE--

.stack     0    2000ac30    00000200     UNINITIALIZED
                  2000ac30    00000004     rtsv7M4_T_le_v4SPD16_eabi.lib : boot_cortex_m.c.obj (.stack)
                  2000ac34    000001fc     --HOLE--

__llvm_prf_cnts 
*          0    20000000    00000000     UNINITIALIZED

MODULE SUMMARY

       Module                           code    ro data   rw data
       ------                           ----    -------   -------
    .\
       cmsis_msp432e4_dsp_example.obj   1988    0         42016  
       uartstdio.obj                    1024    46        5      
       Calculate.obj                    384     0         0      
       system_msp432e401y.obj           32      0         4      
    +--+--------------------------------+-------+---------+---------+
       Total:                           3428    46        42025  
                                                                 
    .\ccs\
       startup_msp432e401y_ccs.obj      14      520       0      
    +--+--------------------------------+-------+---------+---------+
       Total:                           14      520       0      
                                                                 
    D:/TI/SDK/MSP432E401Y/simplelink_msp432e4_sdk_4_20_00_12/source/third_party/CMSIS/DSP_Lib/lib/ccs/m4f/arm_cortexM4lf_math.a
       arm_common_tables.o              0       11792     0      
       arm_cfft_f32.o                   4012    0         0      
       arm_cfft_radix8_f32.o            3848    0         0      
       arm_bitreversal2.o               192     0         0      
       arm_cmplx_mag_f32.o              158     0         0      
       arm_max_f32.o                    116     0         0      
       arm_const_structs.o              0       16        0      
    +--+--------------------------------+-------+---------+---------+
       Total:                           8326    11808     0      
                                                                 
    D:/TI/SDK/MSP432E401Y/simplelink_msp432e4_sdk_4_20_00_12/source/ti/devices/msp432e4/driverlib/lib/ccs/m4f/msp432e4_driverlib.a
       sysctl.o                         948     528       0      
       adc.o                            256     0         0      
       timer.o                          96      0         0      
    +--+--------------------------------+-------+---------+---------+
       Total:                           1300    528       0      
                                                                 
    D:\CCS\ccs\tools\compiler\ti-cgt-arm_20.2.5.LTS\lib\rtsv7M4_T_le_v4SPD16_eabi.lib
       _printfi.c.obj                   4851    0         0      
       k_rem_pio2.c.obj                 1848    344       0      
       s_cos.c.obj                      1500    0         0      
       fd_add_t2.asm.obj                438     0         0      
       k_sin.c.obj                      372     0         0      
       k_cos.c.obj                      368     0         0      
       e_sqrt.c.obj                     344     0         0      
       fd_div_t2.asm.obj                310     0         0      
       s_scalbn.c.obj                   272     0         0      
       fd_cmp_t2.asm.obj                268     0         0      
       ctype.c.obj                      0       257       0      
       fd_mul_t2.asm.obj                252     0         0      
       s_floor.c.obj                    248     0         0      
       memcpy_t2.asm.obj                156     0         0      
       ull_div_t2.asm.obj               150     0         0      
       memset_t2.asm.obj                122     0         0      
       fd_tos_t2.asm.obj                110     0         0      
       copy_decompress_lzss.c.obj       104     0         0      
       s_frexp.c.obj                    100     0         0      
       sprintf.c.obj                    98      0         0      
       _ltoa.c.obj                      84      0         0      
       atoi.c.obj                       76      0         0      
       fd_toi_t2.asm.obj                72      0         0      
       autoinit.c.obj                   68      0         0      
       u_divt2.asm.obj                  64      0         0      
       fs_tod_t2.asm.obj                56      0         0      
       boot_cortex_m.c.obj              52      0         0      
       i_tofd_t2.asm.obj                46      0         0      
       e_sqrtf.c.obj                    40      0         0      
       memccpy.c.obj                    28      0         0      
       s_copysign.c.obj                 26      0         0      
       strchr.c.obj                     22      0         0      
       strlen.c.obj                     20      0         0      
       wcslen.c.obj                     18      0         0      
       copy_decompress_none.c.obj       14      0         0      
       copy_zero_init.c.obj             12      0         0      
       errno.c.obj                      8       0         4      
       exit.c.obj                       4       0         0      
       pre_init.c.obj                   4       0         0      
       div0.asm.obj                     2       0         0      
    +--+--------------------------------+-------+---------+---------+
       Total:                           12627   601       4      
                                                                 
       Heap:                            0       0         2048   
       Stack:                           0       0         512    
       Linker Generated:                0       55        0      
    +--+--------------------------------+-------+---------+---------+
       Grand Total:                     25695   13558     44589  


LINKER GENERATED COPY TABLES

__TI_cinit_table @ 00009960 records: 2, size/record: 8, table size: 16
	.data: load addr=00009938, load size=00000013 bytes, run addr=20008418, run size=00002018 bytes, compression=lzss
	.bss: load addr=00009958, load size=00000008 bytes, run addr=20000000, run size=00008418 bytes, compression=zero_init


LINKER GENERATED HANDLER TABLE

__TI_handler_table @ 0000994c records: 3, size/record: 4, table size: 12
	index: 0, handler: __TI_decompress_lzss
	index: 1, handler: __TI_decompress_none
	index: 2, handler: __TI_zero_init


GLOBAL SYMBOLS: SORTED ALPHABETICALLY BY Name 

address   name                          
-------   ----                          
000025cf  ADC0SS0_IRQHandler            
000025cf  ADC0SS1_IRQHandler            
000058b5  ADC0SS2_IRQHandler            
000058b5  ADC0SS2_IRQHandler            
000025cf  ADC0SS3_IRQHandler            
000025cf  ADC1SS0_IRQHandler            
000025cf  ADC1SS1_IRQHandler            
000025cf  ADC1SS2_IRQHandler            
000025cf  ADC1SS3_IRQHandler            
00006611  ADCIntClearEx                 
00005705  ADCSequenceStepConfigure      
000025cf  AES0_IRQHandler               
000025cf  BusFault_Handler              
00006671  C$$EXIT                       
000025cf  CAN0_IRQHandler               
000025cf  CAN1_IRQHandler               
000025cf  COMP0_IRQHandler              
000025cf  COMP1_IRQHandler              
000025cf  COMP2_IRQHandler              
00005f29  ConfigureUART                 
000025cf  DES0_IRQHandler               
000025cf  DebugMon_Handler              
000025cf  Default_Handler               
000025cf  EMAC0_IRQHandler              
000025cf  EPI0_IRQHandler               
000025cf  FLASH_IRQHandler              
000025cf  GPIOA_IRQHandler              
000025cf  GPIOB_IRQHandler              
000025cf  GPIOC_IRQHandler              
000025cf  GPIOD_IRQHandler              
000025cf  GPIOE_IRQHandler              
000025cf  GPIOF_IRQHandler              
000025cf  GPIOG_IRQHandler              
000025cf  GPIOH_IRQHandler              
000025cf  GPIOJ_IRQHandler              
000025cf  GPIOK_IRQHandler              
000025cf  GPIOL_IRQHandler              
000025cf  GPIOM_IRQHandler              
000025cf  GPION_IRQHandler              
000025cf  GPIOP0_IRQHandler             
000025cf  GPIOP1_IRQHandler             
000025cf  GPIOP2_IRQHandler             
000025cf  GPIOP3_IRQHandler             
000025cf  GPIOP4_IRQHandler             
000025cf  GPIOP5_IRQHandler             
000025cf  GPIOP6_IRQHandler             
000025cf  GPIOP7_IRQHandler             
000025cf  GPIOQ0_IRQHandler             
000025cf  GPIOQ1_IRQHandler             
000025cf  GPIOQ2_IRQHandler             
000025cf  GPIOQ3_IRQHandler             
000025cf  GPIOQ4_IRQHandler             
000025cf  GPIOQ5_IRQHandler             
000025cf  GPIOQ6_IRQHandler             
000025cf  GPIOQ7_IRQHandler             
000025cf  HIBERNATE_IRQHandler          
000025cf  HardFault_Handler             
000025cf  I2C0_IRQHandler               
000025cf  I2C1_IRQHandler               
000025cf  I2C2_IRQHandler               
000025cf  I2C3_IRQHandler               
000025cf  I2C4_IRQHandler               
000025cf  I2C5_IRQHandler               
000025cf  I2C6_IRQHandler               
000025cf  I2C7_IRQHandler               
000025cf  I2C8_IRQHandler               
000025cf  I2C9_IRQHandler               
000025cf  MemManage_Handler             
000025cf  NMI_Handler                   
000025cf  PWM0_0_IRQHandler             
000025cf  PWM0_1_IRQHandler             
000025cf  PWM0_2_IRQHandler             
000025cf  PWM0_3_IRQHandler             
000025cf  PWM0_FAULT_IRQHandler         
000025cf  PendSV_Handler                
000025cf  QEI0_IRQHandler               
00006643  Reset_Handler                 
2000a41c  SAMP_FREQ                     
000025cf  SHA0_IRQHandler               
000025cf  SSI0_IRQHandler               
000025cf  SSI1_IRQHandler               
000025cf  SSI2_IRQHandler               
000025cf  SSI3_IRQHandler               
000025cf  SVC_Handler                   
000025cf  SYSCTL_IRQHandler             
000025cf  SYSEXC_IRQHandler             
0000409d  SysCtlClockFreqSet            
000025cf  SysTick_Handler               
2000a42c  SystemCoreClock               
00006579  SystemInit                    
000025cf  TAMPER0_IRQHandler            
000025cf  TIMER0A_IRQHandler            
000025cf  TIMER0B_IRQHandler            
000025cf  TIMER1A_IRQHandler            
000025cf  TIMER1B_IRQHandler            
000025cf  TIMER2A_IRQHandler            
000025cf  TIMER2B_IRQHandler            
000025cf  TIMER3A_IRQHandler            
000025cf  TIMER3B_IRQHandler            
000025cf  TIMER4A_IRQHandler            
000025cf  TIMER4B_IRQHandler            
000025cf  TIMER5A_IRQHandler            
000025cf  TIMER5B_IRQHandler            
000025cf  TIMER6A_IRQHandler            
000025cf  TIMER6B_IRQHandler            
000025cf  TIMER7A_IRQHandler            
000025cf  TIMER7B_IRQHandler            
000060c5  TimerControlTrigger           
000025cf  UART0_IRQHandler              
000025cf  UART1_IRQHandler              
000025cf  UART2_IRQHandler              
000025cf  UART3_IRQHandler              
000025cf  UART4_IRQHandler              
000025cf  UART5_IRQHandler              
000025cf  UART6_IRQHandler              
000025cf  UART7_IRQHandler              
00005d65  UARTStdioConfig               
00006555  UARTprintf                    
00003d91  UARTvprintf                   
00006125  UARTwrite                     
000025cf  UDMAERR_IRQHandler            
000025cf  UDMA_IRQHandler               
000025cf  USB0_IRQHandler               
000025cf  UsageFault_Handler            
000025cf  WATCHDOG_IRQHandler           
2000ae30  __STACK_END                   
00000200  __STACK_SIZE                  
2000ae30  __STACK_TOP                   
00000800  __SYSMEM_SIZE                 
00009960  __TI_CINIT_Base               
00009970  __TI_CINIT_Limit              
0000994c  __TI_Handler_Table_Base       
00009958  __TI_Handler_Table_Limit      
00006355  __TI_auto_init_nobinit_nopinit
00005f91  __TI_decompress_lzss          
00006635  __TI_decompress_none          
000061d7  __TI_ltoa                     
ffffffff  __TI_pprof_out_hndl           
00001b81  __TI_printfi                  
ffffffff  __TI_prof_data_size           
ffffffff  __TI_prof_data_start          
00000000  __TI_static_base__            
0000664f  __TI_zero_init                
00005bdd  __aeabi_cdcmpeq               
00005bdd  __aeabi_cdcmple               
00005c63  __aeabi_cdrcmple              
00005ebb  __aeabi_d2f                   
000062c9  __aeabi_d2iz                  
000047c7  __aeabi_dadd                  
000051a7  __aeabi_ddiv                  
00005511  __aeabi_dmul                  
000047bd  __aeabi_dsub                  
00006665  __aeabi_errno_addr            
00006491  __aeabi_f2d                   
000064fd  __aeabi_i2d                   
00003d8f  __aeabi_idiv0                 
00003d8f  __aeabi_ldiv0                 
00005ce9  __aeabi_memclr                
00005ce9  __aeabi_memclr4               
00005ce9  __aeabi_memclr8               
00005a1b  __aeabi_memcpy                
00005a1b  __aeabi_memcpy4               
00005a1b  __aeabi_memcpy8               
00005ceb  __aeabi_memset                
00005ceb  __aeabi_memset4               
00005ceb  __aeabi_memset8               
00006399  __aeabi_uidiv                 
00006399  __aeabi_uidivmod              
00005ab7  __aeabi_uldivmod              
ffffffff  __binit__                     
ffffffff  __c_args__                    
00004c69  __kernel_cos                  
000025d1  __kernel_rem_pio2             
00004af5  __kernel_sin                  
UNDEFED   __mpu_init                    
2000ac30  __stack                       
20000000  __start___llvm_prf_cnts       
20000000  __stop___llvm_prf_cnts        
000064c9  _c_int00_noargs               
00009790  _ctypes_                      
2000a430  _sys_memory                   
UNDEFED   _system_post_cinit            
0000666d  _system_pre_init              
00006671  abort                         
00008678  armBitRevIndexTable1024       
0000585d  arm_bitreversal_16            
000057f3  arm_bitreversal_32            
0000506d  arm_cfft_f32                  
0000398d  arm_cfft_radix8by2_f32        
00001111  arm_cfft_radix8by4_f32        
00009900  arm_cfft_sR_f32_len1024       
00005ff9  arm_cmplx_mag_f32             
00005dd9  arm_max_f32                   
00000209  arm_radix8_butterfly_f32      
0000627d  atoi                          
ffffffff  binit                         
20008400  button_value                  
000065b5  copysign                      
000065b5  copysignl                     
000033b1  cos                           
000033b1  cosl                          
2000a428  errno                         
20008404  fft_DC                        
20008408  fft_THD                       
20004000  fft_winout_sampling           
20005000  fftfout                       
20006000  fftvout                       
20007000  fftwin                        
20008418  float_sampling_buf            
0000560d  floor                         
0000560d  floorl                        
00006061  frexp                         
00006061  frexpl                        
00004975  get_window                    
00000000  interruptVectors              
00005401  ldexp                         
00005401  ldexpl                        
00002d09  main                          
00006599  memccpy                       
00005a1b  memcpy                        
00005cf1  memset                        
20008000  pui8ControlTable              
00005401  scalbn                        
00005401  scalbnl                       
2000a418  setBufAReady                  
2000a419  setBufBReady                  
000063d9  sprintf                       
00004dd9  sqrt                          
0000652d  sqrtf                         
00004dd9  sqrtl                         
000065e7  strchr                        
000065fd  strlen                        
20000000  temp_fftvout                  
00006678  twiddleCoef_1024              
2000840c  voutmax                       
20008410  voutmax_fre                   
20008414  voutmax_index                 
00006623  wcslen                        


GLOBAL SYMBOLS: SORTED BY Symbol Address 

address   name                          
-------   ----                          
00000000  __TI_static_base__            
00000000  interruptVectors              
00000200  __STACK_SIZE                  
00000209  arm_radix8_butterfly_f32      
00000800  __SYSMEM_SIZE                 
00001111  arm_cfft_radix8by4_f32        
00001b81  __TI_printfi                  
000025cf  ADC0SS0_IRQHandler            
000025cf  ADC0SS1_IRQHandler            
000025cf  ADC0SS3_IRQHandler            
000025cf  ADC1SS0_IRQHandler            
000025cf  ADC1SS1_IRQHandler            
000025cf  ADC1SS2_IRQHandler            
000025cf  ADC1SS3_IRQHandler            
000025cf  AES0_IRQHandler               
000025cf  BusFault_Handler              
000025cf  CAN0_IRQHandler               
000025cf  CAN1_IRQHandler               
000025cf  COMP0_IRQHandler              
000025cf  COMP1_IRQHandler              
000025cf  COMP2_IRQHandler              
000025cf  DES0_IRQHandler               
000025cf  DebugMon_Handler              
000025cf  Default_Handler               
000025cf  EMAC0_IRQHandler              
000025cf  EPI0_IRQHandler               
000025cf  FLASH_IRQHandler              
000025cf  GPIOA_IRQHandler              
000025cf  GPIOB_IRQHandler              
000025cf  GPIOC_IRQHandler              
000025cf  GPIOD_IRQHandler              
000025cf  GPIOE_IRQHandler              
000025cf  GPIOF_IRQHandler              
000025cf  GPIOG_IRQHandler              
000025cf  GPIOH_IRQHandler              
000025cf  GPIOJ_IRQHandler              
000025cf  GPIOK_IRQHandler              
000025cf  GPIOL_IRQHandler              
000025cf  GPIOM_IRQHandler              
000025cf  GPION_IRQHandler              
000025cf  GPIOP0_IRQHandler             
000025cf  GPIOP1_IRQHandler             
000025cf  GPIOP2_IRQHandler             
000025cf  GPIOP3_IRQHandler             
000025cf  GPIOP4_IRQHandler             
000025cf  GPIOP5_IRQHandler             
000025cf  GPIOP6_IRQHandler             
000025cf  GPIOP7_IRQHandler             
000025cf  GPIOQ0_IRQHandler             
000025cf  GPIOQ1_IRQHandler             
000025cf  GPIOQ2_IRQHandler             
000025cf  GPIOQ3_IRQHandler             
000025cf  GPIOQ4_IRQHandler             
000025cf  GPIOQ5_IRQHandler             
000025cf  GPIOQ6_IRQHandler             
000025cf  GPIOQ7_IRQHandler             
000025cf  HIBERNATE_IRQHandler          
000025cf  HardFault_Handler             
000025cf  I2C0_IRQHandler               
000025cf  I2C1_IRQHandler               
000025cf  I2C2_IRQHandler               
000025cf  I2C3_IRQHandler               
000025cf  I2C4_IRQHandler               
000025cf  I2C5_IRQHandler               
000025cf  I2C6_IRQHandler               
000025cf  I2C7_IRQHandler               
000025cf  I2C8_IRQHandler               
000025cf  I2C9_IRQHandler               
000025cf  MemManage_Handler             
000025cf  NMI_Handler                   
000025cf  PWM0_0_IRQHandler             
000025cf  PWM0_1_IRQHandler             
000025cf  PWM0_2_IRQHandler             
000025cf  PWM0_3_IRQHandler             
000025cf  PWM0_FAULT_IRQHandler         
000025cf  PendSV_Handler                
000025cf  QEI0_IRQHandler               
000025cf  SHA0_IRQHandler               
000025cf  SSI0_IRQHandler               
000025cf  SSI1_IRQHandler               
000025cf  SSI2_IRQHandler               
000025cf  SSI3_IRQHandler               
000025cf  SVC_Handler                   
000025cf  SYSCTL_IRQHandler             
000025cf  SYSEXC_IRQHandler             
000025cf  SysTick_Handler               
000025cf  TAMPER0_IRQHandler            
000025cf  TIMER0A_IRQHandler            
000025cf  TIMER0B_IRQHandler            
000025cf  TIMER1A_IRQHandler            
000025cf  TIMER1B_IRQHandler            
000025cf  TIMER2A_IRQHandler            
000025cf  TIMER2B_IRQHandler            
000025cf  TIMER3A_IRQHandler            
000025cf  TIMER3B_IRQHandler            
000025cf  TIMER4A_IRQHandler            
000025cf  TIMER4B_IRQHandler            
000025cf  TIMER5A_IRQHandler            
000025cf  TIMER5B_IRQHandler            
000025cf  TIMER6A_IRQHandler            
000025cf  TIMER6B_IRQHandler            
000025cf  TIMER7A_IRQHandler            
000025cf  TIMER7B_IRQHandler            
000025cf  UART0_IRQHandler              
000025cf  UART1_IRQHandler              
000025cf  UART2_IRQHandler              
000025cf  UART3_IRQHandler              
000025cf  UART4_IRQHandler              
000025cf  UART5_IRQHandler              
000025cf  UART6_IRQHandler              
000025cf  UART7_IRQHandler              
000025cf  UDMAERR_IRQHandler            
000025cf  UDMA_IRQHandler               
000025cf  USB0_IRQHandler               
000025cf  UsageFault_Handler            
000025cf  WATCHDOG_IRQHandler           
000025d1  __kernel_rem_pio2             
00002d09  main                          
000033b1  cos                           
000033b1  cosl                          
0000398d  arm_cfft_radix8by2_f32        
00003d8f  __aeabi_idiv0                 
00003d8f  __aeabi_ldiv0                 
00003d91  UARTvprintf                   
0000409d  SysCtlClockFreqSet            
000047bd  __aeabi_dsub                  
000047c7  __aeabi_dadd                  
00004975  get_window                    
00004af5  __kernel_sin                  
00004c69  __kernel_cos                  
00004dd9  sqrt                          
00004dd9  sqrtl                         
0000506d  arm_cfft_f32                  
000051a7  __aeabi_ddiv                  
00005401  ldexp                         
00005401  ldexpl                        
00005401  scalbn                        
00005401  scalbnl                       
00005511  __aeabi_dmul                  
0000560d  floor                         
0000560d  floorl                        
00005705  ADCSequenceStepConfigure      
000057f3  arm_bitreversal_32            
0000585d  arm_bitreversal_16            
000058b5  ADC0SS2_IRQHandler            
000058b5  ADC0SS2_IRQHandler            
00005a1b  __aeabi_memcpy                
00005a1b  __aeabi_memcpy4               
00005a1b  __aeabi_memcpy8               
00005a1b  memcpy                        
00005ab7  __aeabi_uldivmod              
00005bdd  __aeabi_cdcmpeq               
00005bdd  __aeabi_cdcmple               
00005c63  __aeabi_cdrcmple              
00005ce9  __aeabi_memclr                
00005ce9  __aeabi_memclr4               
00005ce9  __aeabi_memclr8               
00005ceb  __aeabi_memset                
00005ceb  __aeabi_memset4               
00005ceb  __aeabi_memset8               
00005cf1  memset                        
00005d65  UARTStdioConfig               
00005dd9  arm_max_f32                   
00005ebb  __aeabi_d2f                   
00005f29  ConfigureUART                 
00005f91  __TI_decompress_lzss          
00005ff9  arm_cmplx_mag_f32             
00006061  frexp                         
00006061  frexpl                        
000060c5  TimerControlTrigger           
00006125  UARTwrite                     
000061d7  __TI_ltoa                     
0000627d  atoi                          
000062c9  __aeabi_d2iz                  
00006355  __TI_auto_init_nobinit_nopinit
00006399  __aeabi_uidiv                 
00006399  __aeabi_uidivmod              
000063d9  sprintf                       
00006491  __aeabi_f2d                   
000064c9  _c_int00_noargs               
000064fd  __aeabi_i2d                   
0000652d  sqrtf                         
00006555  UARTprintf                    
00006579  SystemInit                    
00006599  memccpy                       
000065b5  copysign                      
000065b5  copysignl                     
000065e7  strchr                        
000065fd  strlen                        
00006611  ADCIntClearEx                 
00006623  wcslen                        
00006635  __TI_decompress_none          
00006643  Reset_Handler                 
0000664f  __TI_zero_init                
00006665  __aeabi_errno_addr            
0000666d  _system_pre_init              
00006671  C$$EXIT                       
00006671  abort                         
00006678  twiddleCoef_1024              
00008678  armBitRevIndexTable1024       
00009790  _ctypes_                      
00009900  arm_cfft_sR_f32_len1024       
0000994c  __TI_Handler_Table_Base       
00009958  __TI_Handler_Table_Limit      
00009960  __TI_CINIT_Base               
00009970  __TI_CINIT_Limit              
20000000  __start___llvm_prf_cnts       
20000000  __stop___llvm_prf_cnts        
20000000  temp_fftvout                  
20004000  fft_winout_sampling           
20005000  fftfout                       
20006000  fftvout                       
20007000  fftwin                        
20008000  pui8ControlTable              
20008400  button_value                  
20008404  fft_DC                        
20008408  fft_THD                       
2000840c  voutmax                       
20008410  voutmax_fre                   
20008414  voutmax_index                 
20008418  float_sampling_buf            
2000a418  setBufAReady                  
2000a419  setBufBReady                  
2000a41c  SAMP_FREQ                     
2000a428  errno                         
2000a42c  SystemCoreClock               
2000a430  _sys_memory                   
2000ac30  __stack                       
2000ae30  __STACK_END                   
2000ae30  __STACK_TOP                   
ffffffff  __TI_pprof_out_hndl           
ffffffff  __TI_prof_data_size           
ffffffff  __TI_prof_data_start          
ffffffff  __binit__                     
ffffffff  __c_args__                    
ffffffff  binit                         
UNDEFED   __mpu_init                    
UNDEFED   _system_post_cinit            

[238 symbols]
